Archive member included to satisfy reference by file (symbol)

c:/nxp/mcuxpressoide_11.6.0_8187/ide/plugins/com.nxp.mcuxpresso.tools.win32_11.6.0.202112161359/tools/bin/../lib/gcc/arm-none-eabi/10.3.1/../../../../arm-none-eabi/lib/thumb/v6-m/nofp\libcr_semihost_nf.a(_cr__main.o)
                              ./startup/startup_mkl25z4.o (__main)
c:/nxp/mcuxpressoide_11.6.0_8187/ide/plugins/com.nxp.mcuxpresso.tools.win32_11.6.0.202112161359/tools/bin/../lib/gcc/arm-none-eabi/10.3.1/../../../../arm-none-eabi/lib/thumb/v6-m/nofp\libcr_c.a(memcpy.o)
                              ./source/pbkdf2_test.o (memcpy)
c:/nxp/mcuxpressoide_11.6.0_8187/ide/plugins/com.nxp.mcuxpresso.tools.win32_11.6.0.202112161359/tools/bin/../lib/gcc/arm-none-eabi/10.3.1/../../../../arm-none-eabi/lib/thumb/v6-m/nofp\libcr_c.a(memset.o)
                              ./drivers/fsl_flash.o (memset)
c:/nxp/mcuxpressoide_11.6.0_8187/ide/plugins/com.nxp.mcuxpresso.tools.win32_11.6.0.202112161359/tools/bin/../lib/gcc/arm-none-eabi/10.3.1/../../../../arm-none-eabi/lib/thumb/v6-m/nofp\libcr_c.a(initio.o)
                              c:/nxp/mcuxpressoide_11.6.0_8187/ide/plugins/com.nxp.mcuxpresso.tools.win32_11.6.0.202112161359/tools/bin/../lib/gcc/arm-none-eabi/10.3.1/../../../../arm-none-eabi/lib/thumb/v6-m/nofp\libcr_semihost_nf.a(_cr__main.o) (_initio)
c:/nxp/mcuxpressoide_11.6.0_8187/ide/plugins/com.nxp.mcuxpresso.tools.win32_11.6.0.202112161359/tools/bin/../lib/gcc/arm-none-eabi/10.3.1/../../../../arm-none-eabi/lib/thumb/v6-m/nofp\libcr_c.a(printf.o)
                              ./source/main.o (_printf)
c:/nxp/mcuxpressoide_11.6.0_8187/ide/plugins/com.nxp.mcuxpresso.tools.win32_11.6.0.202112161359/tools/bin/../lib/gcc/arm-none-eabi/10.3.1/../../../../arm-none-eabi/lib/thumb/v6-m/nofp\libcr_c.a(setvbuf.o)
                              c:/nxp/mcuxpressoide_11.6.0_8187/ide/plugins/com.nxp.mcuxpresso.tools.win32_11.6.0.202112161359/tools/bin/../lib/gcc/arm-none-eabi/10.3.1/../../../../arm-none-eabi/lib/thumb/v6-m/nofp\libcr_c.a(initio.o) (setvbuf)
c:/nxp/mcuxpressoide_11.6.0_8187/ide/plugins/com.nxp.mcuxpresso.tools.win32_11.6.0.202112161359/tools/bin/../lib/gcc/arm-none-eabi/10.3.1/../../../../arm-none-eabi/lib/thumb/v6-m/nofp\libcr_c.a(stdlib.o)
                              ./source/main.o (exit)
c:/nxp/mcuxpressoide_11.6.0_8187/ide/plugins/com.nxp.mcuxpresso.tools.win32_11.6.0.202112161359/tools/bin/../lib/gcc/arm-none-eabi/10.3.1/../../../../arm-none-eabi/lib/thumb/v6-m/nofp\libcr_c.a(strlen.o)
                              ./source/main.o (strlen)
c:/nxp/mcuxpressoide_11.6.0_8187/ide/plugins/com.nxp.mcuxpresso.tools.win32_11.6.0.202112161359/tools/bin/../lib/gcc/arm-none-eabi/10.3.1/../../../../arm-none-eabi/lib/thumb/v6-m/nofp\libcr_c.a(_deferredlazyseek.o)
                              c:/nxp/mcuxpressoide_11.6.0_8187/ide/plugins/com.nxp.mcuxpresso.tools.win32_11.6.0.202112161359/tools/bin/../lib/gcc/arm-none-eabi/10.3.1/../../../../arm-none-eabi/lib/thumb/v6-m/nofp\libcr_c.a(printf.o) (__flsbuf)
c:/nxp/mcuxpressoide_11.6.0_8187/ide/plugins/com.nxp.mcuxpresso.tools.win32_11.6.0.202112161359/tools/bin/../lib/gcc/arm-none-eabi/10.3.1/../../../../arm-none-eabi/lib/thumb/v6-m/nofp\libcr_c.a(_fdopen.o)
                              c:/nxp/mcuxpressoide_11.6.0_8187/ide/plugins/com.nxp.mcuxpresso.tools.win32_11.6.0.202112161359/tools/bin/../lib/gcc/arm-none-eabi/10.3.1/../../../../arm-none-eabi/lib/thumb/v6-m/nofp\libcr_c.a(initio.o) (_fdopen)
c:/nxp/mcuxpressoide_11.6.0_8187/ide/plugins/com.nxp.mcuxpresso.tools.win32_11.6.0.202112161359/tools/bin/../lib/gcc/arm-none-eabi/10.3.1/../../../../arm-none-eabi/lib/thumb/v6-m/nofp\libcr_c.a(_fflush.o)
                              c:/nxp/mcuxpressoide_11.6.0_8187/ide/plugins/com.nxp.mcuxpresso.tools.win32_11.6.0.202112161359/tools/bin/../lib/gcc/arm-none-eabi/10.3.1/../../../../arm-none-eabi/lib/thumb/v6-m/nofp\libcr_c.a(_deferredlazyseek.o) (_fflush)
c:/nxp/mcuxpressoide_11.6.0_8187/ide/plugins/com.nxp.mcuxpresso.tools.win32_11.6.0.202112161359/tools/bin/../lib/gcc/arm-none-eabi/10.3.1/../../../../arm-none-eabi/lib/thumb/v6-m/nofp\libcr_c.a(_writebuf.o)
                              c:/nxp/mcuxpressoide_11.6.0_8187/ide/plugins/com.nxp.mcuxpresso.tools.win32_11.6.0.202112161359/tools/bin/../lib/gcc/arm-none-eabi/10.3.1/../../../../arm-none-eabi/lib/thumb/v6-m/nofp\libcr_c.a(_deferredlazyseek.o) (_Cwritebuf)
c:/nxp/mcuxpressoide_11.6.0_8187/ide/plugins/com.nxp.mcuxpresso.tools.win32_11.6.0.202112161359/tools/bin/../lib/gcc/arm-none-eabi/10.3.1/../../../../arm-none-eabi/lib/thumb/v6-m/nofp\libcr_c.a(alloc.o)
                              c:/nxp/mcuxpressoide_11.6.0_8187/ide/plugins/com.nxp.mcuxpresso.tools.win32_11.6.0.202112161359/tools/bin/../lib/gcc/arm-none-eabi/10.3.1/../../../../arm-none-eabi/lib/thumb/v6-m/nofp\libcr_c.a(printf.o) (malloc)
[...]
Memory Configuration

Name             Origin             Length             Attributes
PROGRAM_FLASH    0x00000000         0x00020000         xr
SRAM             0x1ffff000         0x00004000         xrw
*default*        0x00000000         0xffffffff

Linker script and memory map

LOAD ./utilities/fsl_debug_console.o
LOAD ./startup/startup_mkl25z4.o
LOAD ./source/isha.o
LOAD ./source/main.o
LOAD ./source/mtb.o
LOAD ./source/pbkdf2.o
LOAD ./source/pbkdf2_test.o
LOAD ./source/semihost_hardfault.o
LOAD ./source/ticktime.o
LOAD ./drivers/fsl_clock.o
LOAD ./drivers/fsl_common.o
LOAD ./drivers/fsl_flash.o
LOAD ./drivers/fsl_gpio.o
LOAD ./drivers/fsl_lpsci.o
LOAD ./drivers/fsl_smc.o
LOAD ./drivers/fsl_uart.o
LOAD ./board/board.o
LOAD ./board/clock_config.o
LOAD ./board/peripherals.o
LOAD ./board/pin_mux.o
LOAD ./CMSIS/system_MKL25Z4.o
START GROUP
LOAD c:/nxp/mcuxpressoide_11.6.0_8187/ide/plugins/com.nxp.mcuxpresso.tools.win32_11.6.0.202112161359/tools/bin/../lib/gcc/arm-none-eabi/10.3.1/../../../../arm-none-eabi/lib/thumb/v6-m/nofp\libcr_semihost_nf.a
LOAD c:/nxp/mcuxpressoide_11.6.0_8187/ide/plugins/com.nxp.mcuxpresso.tools.win32_11.6.0.202112161359/tools/bin/../lib/gcc/arm-none-eabi/10.3.1/../../../../arm-none-eabi/lib/thumb/v6-m/nofp\libcr_c.a
LOAD c:/nxp/mcuxpressoide_11.6.0_8187/ide/plugins/com.nxp.mcuxpresso.tools.win32_11.6.0.202112161359/tools/bin/../lib/gcc/arm-none-eabi/10.3.1/thumb/v6-m/nofp\libcr_eabihelpers.a
LOAD c:/nxp/mcuxpressoide_11.6.0_8187/ide/plugins/com.nxp.mcuxpresso.tools.win32_11.6.0.202112161359/tools/bin/../lib/gcc/arm-none-eabi/10.3.1/thumb/v6-m/nofp\libgcc.a
END GROUP
                0x00000000                __base_PROGRAM_FLASH = 0x0
                0x00000000                __base_Flash = 0x0
                0x00020000                __top_PROGRAM_FLASH = 0x20000
                0x00020000                __top_Flash = 0x20000
                0x1ffff000                __base_SRAM = 0x1ffff000
                0x1ffff000                __base_RAM = 0x1ffff000
                0x20003000                __top_SRAM = 0x20003000
                0x20003000                __top_RAM = 0x20003000

.text           0x00000000     0x5400
 FILL mask 0xff
                0x00000000                __vectors_start__ = ABSOLUTE (.)
 *(SORT_BY_ALIGNMENT(.isr_vector))
 .isr_vector    0x00000000       0xc0 ./startup/startup_mkl25z4.o
                0x00000000                g_pfnVectors
                0x00000000                __Vectors
                0x000000c0                . = ALIGN (0x4)
                0x000000c0                __section_table_start = .
                0x000000c0                __data_section_table = .
                0x000000c0        0x4 LONG 0x5400 LOADADDR (.data)
                0x000000c4        0x4 LONG 0x1ffff080 ADDR (.data)
                0x000000c8        0x4 LONG 0x8 SIZEOF (.data)
                0x000000cc                __data_section_table_end = .
                0x000000cc                __bss_section_table = .
                0x000000cc        0x4 LONG 0x1ffff088 ADDR (.bss)
                0x000000d0        0x4 LONG 0x1b4 SIZEOF (.bss)
                0x000000d4                __bss_section_table_end = .
                0x000000d4                __section_table_end = .
 *(SORT_BY_ALIGNMENT(.after_vectors*))
 .after_vectors.reset
                0x000000d4       0x84 ./startup/startup_mkl25z4.o
                0x000000d4                ResetISR
 .after_vectors.init_data
                0x00000158       0x42 ./startup/startup_mkl25z4.o
                0x00000158                data_init
 .after_vectors.init_bss
                0x0000019a       0x36 ./startup/startup_mkl25z4.o
                0x0000019a                bss_init
 .after_vectors
                0x000001d0      0x1e4 ./startup/startup_mkl25z4.o
                0x000001d0                NMI_Handler
                0x000001dc                SVC_Handler
                0x000001e2                PendSV_Handler
                0x000001ee                SPI1_DriverIRQHandler
                0x000001ee                LPTMR0_DriverIRQHandler
                0x000001ee                DMA0_DriverIRQHandler
                0x000001ee                I2C0_DriverIRQHandler
                0x000001ee                Reserved39_DriverIRQHandler
                0x000001ee                PORTD_DriverIRQHandler
                0x000001ee                DMA2_DriverIRQHandler
                0x000001ee                CMP0_DriverIRQHandler
                0x000001ee                TPM2_DriverIRQHandler
                0x000001ee                ADC0_DriverIRQHandler
                0x000001ee                SPI0_DriverIRQHandler
                0x000001ee                TSI0_DriverIRQHandler
                0x000001ee                RTC_Seconds_DriverIRQHandler
                0x000001ee                I2C1_DriverIRQHandler
                0x000001ee                DMA1_DriverIRQHandler
                0x000001ee                LLWU_DriverIRQHandler
                0x000001ee                MCG_DriverIRQHandler
                0x000001ee                PIT_DriverIRQHandler
                0x000001ee                RTC_DriverIRQHandler
                0x000001ee                TPM1_DriverIRQHandler
                0x000001ee                FTFA_DriverIRQHandler
                0x000001ee                IntDefaultHandler
                0x000001ee                USB0_DriverIRQHandler
                0x000001ee                DAC0_DriverIRQHandler
                0x000001ee                PORTA_DriverIRQHandler
                0x000001ee                LVD_LVW_DriverIRQHandler
                0x000001ee                TPM0_DriverIRQHandler
                0x000001ee                Reserved45_DriverIRQHandler
                0x000001ee                DMA3_DriverIRQHandler
                0x000001ee                Reserved20_DriverIRQHandler
                0x000001f4                DMA0_IRQHandler
                0x00000202                DMA1_IRQHandler
                0x00000210                DMA2_IRQHandler
                0x0000021e                DMA3_IRQHandler
                0x0000022c                Reserved20_IRQHandler
                0x0000023a                FTFA_IRQHandler
                0x00000248                LVD_LVW_IRQHandler
                0x00000256                LLWU_IRQHandler
                0x00000264                I2C0_IRQHandler
                0x00000272                I2C1_IRQHandler
                0x00000280                SPI0_IRQHandler
                0x0000028e                SPI1_IRQHandler
                0x0000029c                UART0_IRQHandler
                0x000002aa                UART1_IRQHandler
                0x000002b8                UART2_IRQHandler
                0x000002c6                ADC0_IRQHandler
                0x000002d4                CMP0_IRQHandler
                0x000002e2                TPM0_IRQHandler
                0x000002f0                TPM1_IRQHandler
                0x000002fe                TPM2_IRQHandler
                0x0000030c                RTC_IRQHandler
                0x0000031a                RTC_Seconds_IRQHandler
                0x00000328                PIT_IRQHandler
                0x00000336                Reserved39_IRQHandler
                0x00000344                USB0_IRQHandler
                0x00000352                DAC0_IRQHandler
                0x00000360                TSI0_IRQHandler
                0x0000036e                MCG_IRQHandler
                0x0000037c                LPTMR0_IRQHandler
                0x0000038a                Reserved45_IRQHandler
                0x00000398                PORTA_IRQHandler
                0x000003a6                PORTD_IRQHandler
                0x00000400                . = 0x400
 *fill*         0x000003b4       0x4c ff
                0x00000400                PROVIDE (__FLASH_CONFIG_START__ = .)
 *(SORT_BY_ALIGNMENT(.FlashConfig))
 .FlashConfig   0x00000400       0x10 ./startup/startup_mkl25z4.o
                0x00000400                Flash_Config
                0x00000410                PROVIDE (__FLASH_CONFIG_END__ = .)
                0x00000001                ASSERT (! ((__FLASH_CONFIG_START__ == __FLASH_CONFIG_END__)), Linker Flash Config Support Enabled, but no .FlashConfig section provided within application)
 *(SORT_BY_ALIGNMENT(.text*))
 .text.DbgConsole_Init
                0x00000410       0xf4 ./utilities/fsl_debug_console.o
                0x00000410                DbgConsole_Init
 .text.__sys_write
                0x00000504       0x58 ./utilities/fsl_debug_console.o
                0x00000504                __sys_write
 .text.ISHAProcessMessageBlock
                0x0000055c      0x178 ./source/isha.o
 .text.ISHAPadMessage
                0x000006d4      0x148 ./source/isha.o
 .text.ISHAReset
                0x0000081c       0x60 ./source/isha.o
                0x0000081c                ISHAReset
 .text.ISHAResult
                0x0000087c       0xfc ./source/isha.o
                0x0000087c                ISHAResult
 .text.ISHAInput
                0x00000978       0xe8 ./source/isha.o
                0x00000978                ISHAInput
 .text.time_pbkdf2_hmac_isha
                0x00000a60      0x310 ./source/main.o
 .text.run_tests
                0x00000d70       0x78 ./source/main.o
 .text.main     0x00000de8       0x4c ./source/main.o
                0x00000de8                main
 .text.hmac_isha
                0x00000e34      0x1dc ./source/pbkdf2.o
                0x00000e34                hmac_isha
 .text.F        0x00001010      0x20c ./source/pbkdf2.o
 .text.pbkdf2_hmac_isha
                0x0000121c      0x160 ./source/pbkdf2.o
                0x0000121c                pbkdf2_hmac_isha
 .text.test_isha
                0x0000137c      0x23c ./source/pbkdf2_test.o
                0x0000137c                test_isha
 .text.test_hmac_isha
                0x000015b8      0x110 ./source/pbkdf2_test.o
                0x000015b8                test_hmac_isha
 .text.test_pbkdf2_hmac_isha
                0x000016c8      0x1f8 ./source/pbkdf2_test.o
                0x000016c8                test_pbkdf2_hmac_isha
 .text.HardFault_Handler
                0x000018c0       0x30 ./source/semihost_hardfault.o
                0x000018c0                HardFault_Handler
 .text.NVIC_EnableIRQ
                0x000018f0       0x2c ./source/ticktime.o
 .text.NVIC_ClearPendingIRQ
                0x0000191c       0x30 ./source/ticktime.o
 .text.NVIC_SetPriority
                0x0000194c       0xdc ./source/ticktime.o
 .text.init_ticktime
                0x00001a28       0x68 ./source/ticktime.o
                0x00001a28                init_ticktime
 .text.SysTick_Handler
                0x00001a90       0x18 ./source/ticktime.o
                0x00001a90                SysTick_Handler
 .text.reset_timer
                0x00001aa8       0x1c ./source/ticktime.o
                0x00001aa8                reset_timer
 .text.get_timer
                0x00001ac4       0x1c ./source/ticktime.o
                0x00001ac4                get_timer
 .text.CLOCK_SetEr32kClock
                0x00001ae0       0x34 ./drivers/fsl_clock.o
 .text.CLOCK_SetPllFllSelClock
                0x00001b14       0x38 ./drivers/fsl_clock.o
 .text.CLOCK_GetMcgExtClkFreq
                0x00001b4c       0x14 ./drivers/fsl_clock.o
 .text.CLOCK_GetFllExtRefClkFreq
                0x00001b60       0xa8 ./drivers/fsl_clock.o
 .text.CLOCK_GetFllRefClkFreq
                0x00001c08       0x2c ./drivers/fsl_clock.o
 .text.CLOCK_GetOscRangeFromFreq
                0x00001c34       0x4c ./drivers/fsl_clock.o
 .text.CLOCK_GetPllFllSelClkFreq
                0x00001c80       0x4c ./drivers/fsl_clock.o
                0x00001c80                CLOCK_GetPllFllSelClkFreq
 .text.CLOCK_SetSimConfig
                0x00001ccc       0x38 ./drivers/fsl_clock.o
                0x00001ccc                CLOCK_SetSimConfig
 .text.CLOCK_GetFllFreq
                0x00001d04       0x84 ./drivers/fsl_clock.o
                0x00001d04                CLOCK_GetFllFreq
 .text.CLOCK_GetPll0Freq
                0x00001d88       0x60 ./drivers/fsl_clock.o
                0x00001d88                CLOCK_GetPll0Freq
 .text.CLOCK_SetInternalRefClkConfig
                0x00001de8      0x124 ./drivers/fsl_clock.o
                0x00001de8                CLOCK_SetInternalRefClkConfig
 .text.CLOCK_EnablePll0
                0x00001f0c       0x80 ./drivers/fsl_clock.o
                0x00001f0c                CLOCK_EnablePll0
 .text.CLOCK_InitOsc0
                0x00001f8c       0x94 ./drivers/fsl_clock.o
                0x00001f8c                CLOCK_InitOsc0
 .text.CLOCK_SetPbeMode
                0x00002020       0xa0 ./drivers/fsl_clock.o
                0x00002020                CLOCK_SetPbeMode
 .text.CLOCK_BootToPeeMode
                0x000020c0       0x5c ./drivers/fsl_clock.o
                0x000020c0                CLOCK_BootToPeeMode
 .text.CLOCK_EnableClock
                0x0000211c       0x34 ./drivers/fsl_lpsci.o
 .text.LPSCI_GetInstance
                0x00002150       0x34 ./drivers/fsl_lpsci.o
                0x00002150                LPSCI_GetInstance
 .text.LPSCI_Init
                0x00002184      0x234 ./drivers/fsl_lpsci.o
                0x00002184                LPSCI_Init
 .text.LPSCI_ClearStatusFlags
                0x000023b8       0x94 ./drivers/fsl_lpsci.o
                0x000023b8                LPSCI_ClearStatusFlags
 .text.LPSCI_ReadBlocking
                0x0000244c       0xb0 ./drivers/fsl_lpsci.o
                0x0000244c                LPSCI_ReadBlocking
 .text.UART0_DriverIRQHandler
                0x000024fc       0x24 ./drivers/fsl_lpsci.o
                0x000024fc                UART0_DriverIRQHandler
 .text.CLOCK_EnableClock
                0x00002520       0x34 ./drivers/fsl_uart.o
 .text.UART_GetInstance
                0x00002554       0x40 ./drivers/fsl_uart.o
                0x00002554                UART_GetInstance
 .text.UART_Init
                0x00002594      0x1b8 ./drivers/fsl_uart.o
                0x00002594                UART_Init
 .text.UART_ReadBlocking
                0x0000274c       0x88 ./drivers/fsl_uart.o
                0x0000274c                UART_ReadBlocking
 .text.UART1_DriverIRQHandler
                0x000027d4       0x24 ./drivers/fsl_uart.o
                0x000027d4                UART1_DriverIRQHandler
 .text.UART2_DriverIRQHandler
                0x000027f8       0x24 ./drivers/fsl_uart.o
                0x000027f8                UART2_DriverIRQHandler
 .text.CLOCK_SetLpsci0Clock
                0x0000281c       0x38 ./board/board.o
 .text.BOARD_InitDebugConsole
                0x00002854       0x30 ./board/board.o
                0x00002854                BOARD_InitDebugConsole
 .text.CLOCK_SetSimSafeDivs
                0x00002884       0x20 ./board/clock_config.o
 .text.CLOCK_SetXtal0Freq
                0x000028a4       0x1c ./board/clock_config.o
 .text.CLOCK_CONFIG_SetFllExtRefDiv
                0x000028c0       0x3c ./board/clock_config.o
 .text.BOARD_BootClockRUN
                0x000028fc       0x64 ./board/clock_config.o
                0x000028fc                BOARD_BootClockRUN
 .text.CLOCK_EnableClock
                0x00002960       0x34 ./board/pin_mux.o
 .text.PORT_SetPinMux
                0x00002994       0x40 ./board/pin_mux.o
 .text.BOARD_InitPins
                0x000029d4       0x4c ./board/pin_mux.o
                0x000029d4                BOARD_InitPins
 .text.SystemInit
                0x00002a20       0x18 ./CMSIS/system_MKL25Z4.o
                0x00002a20                SystemInit
 .text._initio  0x00002a38       0x7c c:/nxp/mcuxpressoide_11.6.0_8187/ide/plugins/com.nxp.mcuxpresso.tools.win32_11.6.0.202112161359/tools/bin/../lib/gcc/arm-none-eabi/10.3.1/../../../../arm-none-eabi/lib/thumb/v6-m/nofp\libcr_c.a(initio.o)
                0x00002a38                _initio
 .text._terminateio
                0x00002ab4       0x50 c:/nxp/mcuxpressoide_11.6.0_8187/ide/plugins/com.nxp.mcuxpresso.tools.win32_11.6.0.202112161359/tools/bin/../lib/gcc/arm-none-eabi/10.3.1/../../../../arm-none-eabi/lib/thumb/v6-m/nofp\libcr_c.a(initio.o)
                0x00002ab4                _terminateio
 .text.__vfprintf
                0x00002b04      0xd40 c:/nxp/mcuxpressoide_11.6.0_8187/ide/plugins/com.nxp.mcuxpresso.tools.win32_11.6.0.202112161359/tools/bin/../lib/gcc/arm-none-eabi/10.3.1/../../../../arm-none-eabi/lib/thumb/v6-m/nofp\libcr_c.a(printf.o)
                0x00002b04                __vfprintf
 .text._vsnprintf
                0x00003844       0x70 c:/nxp/mcuxpressoide_11.6.0_8187/ide/plugins/com.nxp.mcuxpresso.tools.win32_11.6.0.202112161359/tools/bin/../lib/gcc/arm-none-eabi/10.3.1/../../../../arm-none-eabi/lib/thumb/v6-m/nofp\libcr_c.a(printf.o)
                0x00003844                _vsnprintf
 .text._printf  0x000038b4       0x50 c:/nxp/mcuxpressoide_11.6.0_8187/ide/plugins/com.nxp.mcuxpresso.tools.win32_11.6.0.202112161359/tools/bin/../lib/gcc/arm-none-eabi/10.3.1/../../../../arm-none-eabi/lib/thumb/v6-m/nofp\libcr_c.a(printf.o)
                0x000038b4                _printf
 .text.setvbuf  0x00003904       0x4c c:/nxp/mcuxpressoide_11.6.0_8187/ide/plugins/com.nxp.mcuxpresso.tools.win32_11.6.0.202112161359/tools/bin/../lib/gcc/arm-none-eabi/10.3.1/../../../../arm-none-eabi/lib/thumb/v6-m/nofp\libcr_c.a(setvbuf.o)
                0x00003904                setvbuf
 .text.exit     0x00003950       0x2c c:/nxp/mcuxpressoide_11.6.0_8187/ide/plugins/com.nxp.mcuxpresso.tools.win32_11.6.0.202112161359/tools/bin/../lib/gcc/arm-none-eabi/10.3.1/../../../../arm-none-eabi/lib/thumb/v6-m/nofp\libcr_c.a(stdlib.o)
                0x00003950                exit
 .text.strlen   0x0000397c       0x58 c:/nxp/mcuxpressoide_11.6.0_8187/ide/plugins/com.nxp.mcuxpresso.tools.win32_11.6.0.202112161359/tools/bin/../lib/gcc/arm-none-eabi/10.3.1/../../../../arm-none-eabi/lib/thumb/v6-m/nofp\libcr_c.a(strlen.o)
                0x0000397c                strlen
 .text._deferredlazyseek
                0x000039d4       0x40 c:/nxp/mcuxpressoide_11.6.0_8187/ide/plugins/com.nxp.mcuxpresso.tools.win32_11.6.0.202112161359/tools/bin/../lib/gcc/arm-none-eabi/10.3.1/../../../../arm-none-eabi/lib/thumb/v6-m/nofp\libcr_c.a(_deferredlazyseek.o)
                0x000039d4                _deferredlazyseek
 .text.__flsbuf
                0x00003a14      0x150 c:/nxp/mcuxpressoide_11.6.0_8187/ide/plugins/com.nxp.mcuxpresso.tools.win32_11.6.0.202112161359/tools/bin/../lib/gcc/arm-none-eabi/10.3.1/../../../../arm-none-eabi/lib/thumb/v6-m/nofp\libcr_c.a(_deferredlazyseek.o)
                0x00003a14                __flsbuf
 .text._fdopen  0x00003b64       0x74 c:/nxp/mcuxpressoide_11.6.0_8187/ide/plugins/com.nxp.mcuxpresso.tools.win32_11.6.0.202112161359/tools/bin/../lib/gcc/arm-none-eabi/10.3.1/../../../../arm-none-eabi/lib/thumb/v6-m/nofp\libcr_c.a(_fdopen.o)
                0x00003b64                _fdopen
 .text._fflush  0x00003bd8       0x60 c:/nxp/mcuxpressoide_11.6.0_8187/ide/plugins/com.nxp.mcuxpresso.tools.win32_11.6.0.202112161359/tools/bin/../lib/gcc/arm-none-eabi/10.3.1/../../../../arm-none-eabi/lib/thumb/v6-m/nofp\libcr_c.a(_fflush.o)
                0x00003bd8                _fflush
 .text._Cwritebuf
                0x00003c38       0x68 c:/nxp/mcuxpressoide_11.6.0_8187/ide/plugins/com.nxp.mcuxpresso.tools.win32_11.6.0.202112161359/tools/bin/../lib/gcc/arm-none-eabi/10.3.1/../../../../arm-none-eabi/lib/thumb/v6-m/nofp\libcr_c.a(_writebuf.o)
                0x00003c38                _Cwritebuf
 .text.malloc   0x00003ca0       0xcc c:/nxp/mcuxpressoide_11.6.0_8187/ide/plugins/com.nxp.mcuxpresso.tools.win32_11.6.0.202112161359/tools/bin/../lib/gcc/arm-none-eabi/10.3.1/../../../../arm-none-eabi/lib/thumb/v6-m/nofp\libcr_c.a(alloc.o)
                0x00003ca0                malloc
 .text._Csys_alloc
                0x00003d6c       0x20 c:/nxp/mcuxpressoide_11.6.0_8187/ide/plugins/com.nxp.mcuxpresso.tools.win32_11.6.0.202112161359/tools/bin/../lib/gcc/arm-none-eabi/10.3.1/../../../../arm-none-eabi/lib/thumb/v6-m/nofp\libcr_c.a(alloc.o)
                0x00003d6c                _Csys_alloc
 .text.fclose   0x00003d8c       0x5c c:/nxp/mcuxpressoide_11.6.0_8187/ide/plugins/com.nxp.mcuxpresso.tools.win32_11.6.0.202112161359/tools/bin/../lib/gcc/arm-none-eabi/10.3.1/../../../../arm-none-eabi/lib/thumb/v6-m/nofp\libcr_c.a(fclose.o)
                0x00003d8c                fclose
 .text.fflush   0x00003de8       0x44 c:/nxp/mcuxpressoide_11.6.0_8187/ide/plugins/com.nxp.mcuxpresso.tools.win32_11.6.0.202112161359/tools/bin/../lib/gcc/arm-none-eabi/10.3.1/../../../../arm-none-eabi/lib/thumb/v6-m/nofp\libcr_c.a(fflush.o)
                0x00003de8                fflush
 .text.fseek    0x00003e2c       0xf0 c:/nxp/mcuxpressoide_11.6.0_8187/ide/plugins/com.nxp.mcuxpresso.tools.win32_11.6.0.202112161359/tools/bin/../lib/gcc/arm-none-eabi/10.3.1/../../../../arm-none-eabi/lib/thumb/v6-m/nofp\libcr_c.a(fseek.o)
                0x00003e2c                fseek
 .text.ftell    0x00003f1c       0x48 c:/nxp/mcuxpressoide_11.6.0_8187/ide/plugins/com.nxp.mcuxpresso.tools.win32_11.6.0.202112161359/tools/bin/../lib/gcc/arm-none-eabi/10.3.1/../../../../arm-none-eabi/lib/thumb/v6-m/nofp\libcr_c.a(ftell.o)
                0x00003f1c                ftell
 .text._sbrk    0x00003f64       0x44 c:/nxp/mcuxpressoide_11.6.0_8187/ide/plugins/com.nxp.mcuxpresso.tools.win32_11.6.0.202112161359/tools/bin/../lib/gcc/arm-none-eabi/10.3.1/../../../../arm-none-eabi/lib/thumb/v6-m/nofp\libcr_c.a(_cr_sbrk.o)
                0x00003f64                _sbrk
 .text._do_fflush
                0x00003fa8       0x48 c:/nxp/mcuxpressoide_11.6.0_8187/ide/plugins/com.nxp.mcuxpresso.tools.win32_11.6.0.202112161359/tools/bin/../lib/gcc/arm-none-eabi/10.3.1/../../../../arm-none-eabi/lib/thumb/v6-m/nofp\libcr_c.a(_do_fflush.o)
                0x00003fa8                _do_fflush
 .text.__check_heap_overflow
                0x00003ff0       0x18 c:/nxp/mcuxpressoide_11.6.0_8187/ide/plugins/com.nxp.mcuxpresso.tools.win32_11.6.0.202112161359/tools/bin/../lib/gcc/arm-none-eabi/10.3.1/../../../../arm-none-eabi/lib/thumb/v6-m/nofp\libcr_c.a(_cr_check_heap.o)
                0x00003ff0                __check_heap_overflow
 .text.__sys_appexit
                0x00004008        0xc c:/nxp/mcuxpressoide_11.6.0_8187/ide/plugins/com.nxp.mcuxpresso.tools.win32_11.6.0.202112161359/tools/bin/../lib/gcc/arm-none-eabi/10.3.1/../../../../arm-none-eabi/lib/thumb/v6-m/nofp\libcr_semihost_nf.a(__sys_appexit.o)
                0x00004008                __sys_appexit
                0x00004008                __exit
 .text.UART_EnableTx
                0x00004014       0x40 ./utilities/fsl_debug_console.o
 .text.UART_EnableRx
                0x00004054       0x40 ./utilities/fsl_debug_console.o
 .text.LPSCI_EnableTx
                0x00004094       0x40 ./utilities/fsl_debug_console.o
 .text.LPSCI_EnableRx
                0x000040d4       0x40 ./utilities/fsl_debug_console.o
 .text.cmp_bin  0x00004114       0x42 ./source/pbkdf2_test.o
                0x00004114                cmp_bin
 .text.hexdigit_to_int
                0x00004156       0x62 ./source/pbkdf2_test.o
 .text.hexstr_to_bytes
                0x000041b8       0x64 ./source/pbkdf2_test.o
                0x000041b8                hexstr_to_bytes
 .text.OSC_SetExtRefClkConfig
                0x0000421c       0x3e ./drivers/fsl_clock.o
 .text.OSC_SetCapLoad
                0x0000425a       0x42 ./drivers/fsl_clock.o
 .text.CLOCK_GetPll0RefFreq
                0x0000429c       0x10 ./drivers/fsl_clock.o
 .text.CLOCK_SetExternalRefClkConfig
                0x000042ac       0x16 ./drivers/fsl_clock.o
                0x000042ac                CLOCK_SetExternalRefClkConfig
 .text.LPSCI_GetDefaultConfig
                0x000042c2       0x30 ./drivers/fsl_lpsci.o
                0x000042c2                LPSCI_GetDefaultConfig
 .text.LPSCI_GetStatusFlags
                0x000042f2       0x26 ./drivers/fsl_lpsci.o
                0x000042f2                LPSCI_GetStatusFlags
 .text.LPSCI_WriteBlocking
                0x00004318       0x3c ./drivers/fsl_lpsci.o
                0x00004318                LPSCI_WriteBlocking
 .text.UART_GetDefaultConfig
                0x00004354       0x30 ./drivers/fsl_uart.o
                0x00004354                UART_GetDefaultConfig
 .text.UART_GetStatusFlags
                0x00004384       0x26 ./drivers/fsl_uart.o
                0x00004384                UART_GetStatusFlags
 .text.UART_WriteBlocking
                0x000043aa       0x3c ./drivers/fsl_uart.o
                0x000043aa                UART_WriteBlocking
 .text.BOARD_InitBootClocks
                0x000043e6        0xe ./board/clock_config.o
                0x000043e6                BOARD_InitBootClocks
 .text.BOARD_InitBootPeripherals
                0x000043f4        0xa ./board/peripherals.o
                0x000043f4                BOARD_InitBootPeripherals
 .text.BOARD_InitBootPins
                0x000043fe        0xe ./board/pin_mux.o
                0x000043fe                BOARD_InitBootPins
 .text.__main   0x0000440c        0xc c:/nxp/mcuxpressoide_11.6.0_8187/ide/plugins/com.nxp.mcuxpresso.tools.win32_11.6.0.202112161359/tools/bin/../lib/gcc/arm-none-eabi/10.3.1/../../../../arm-none-eabi/lib/thumb/v6-m/nofp\libcr_semihost_nf.a(_cr__main.o)
                0x0000440c                __CR_SEMIHOST
                0x0000440c                __main
 .text.memcpy   0x00004418        0x8 c:/nxp/mcuxpressoide_11.6.0_8187/ide/plugins/com.nxp.mcuxpresso.tools.win32_11.6.0.202112161359/tools/bin/../lib/gcc/arm-none-eabi/10.3.1/../../../../arm-none-eabi/lib/thumb/v6-m/nofp\libcr_c.a(memcpy.o)
                0x00004418                memcpy
 .text.memset   0x00004420        0x8 c:/nxp/mcuxpressoide_11.6.0_8187/ide/plugins/com.nxp.mcuxpresso.tools.win32_11.6.0.202112161359/tools/bin/../lib/gcc/arm-none-eabi/10.3.1/../../../../arm-none-eabi/lib/thumb/v6-m/nofp\libcr_c.a(memset.o)
                0x00004420                memset
 .text.no_fp_display
                0x00004428        0x4 c:/nxp/mcuxpressoide_11.6.0_8187/ide/plugins/com.nxp.mcuxpresso.tools.win32_11.6.0.202112161359/tools/bin/../lib/gcc/arm-none-eabi/10.3.1/../../../../arm-none-eabi/lib/thumb/v6-m/nofp\libcr_c.a(printf.o)
 .text.free     0x0000442c       0x2c c:/nxp/mcuxpressoide_11.6.0_8187/ide/plugins/com.nxp.mcuxpresso.tools.win32_11.6.0.202112161359/tools/bin/../lib/gcc/arm-none-eabi/10.3.1/../../../../arm-none-eabi/lib/thumb/v6-m/nofp\libcr_c.a(alloc.o)
                0x0000442c                free
 .text.remove   0x00004458       0x12 c:/nxp/mcuxpressoide_11.6.0_8187/ide/plugins/com.nxp.mcuxpresso.tools.win32_11.6.0.202112161359/tools/bin/../lib/gcc/arm-none-eabi/10.3.1/../../../../arm-none-eabi/lib/thumb/v6-m/nofp\libcr_c.a(remove.o)
                0x00004458                remove
 .text.__aeabi_division_idivmod
                0x0000446a       0x78 c:/nxp/mcuxpressoide_11.6.0_8187/ide/plugins/com.nxp.mcuxpresso.tools.win32_11.6.0.202112161359/tools/bin/../lib/gcc/arm-none-eabi/10.3.1/thumb/v6-m/nofp\libcr_eabihelpers.a(division_32.o)
                0x0000446a                __aeabi_idivmod
                0x0000446a                __aeabi_idiv
                0x00004470                __aeabi_uidivmod
                0x00004470                __aeabi_uidiv
 .text.__aeabi_division_idiv0
                0x000044e2        0x2 c:/nxp/mcuxpressoide_11.6.0_8187/ide/plugins/com.nxp.mcuxpresso.tools.win32_11.6.0.202112161359/tools/bin/../lib/gcc/arm-none-eabi/10.3.1/thumb/v6-m/nofp\libcr_eabihelpers.a(division_idiv0.o)
                0x000044e2                __aeabi_idiv0
 .text.__aeabi_llong_lmul
                0x000044e4       0x2e c:/nxp/mcuxpressoide_11.6.0_8187/ide/plugins/com.nxp.mcuxpresso.tools.win32_11.6.0.202112161359/tools/bin/../lib/gcc/arm-none-eabi/10.3.1/thumb/v6-m/nofp\libcr_eabihelpers.a(llong.o)
                0x000044e4                __aeabi_lmul
 .text.__aeabi_memcpy
                0x00004512       0x2c c:/nxp/mcuxpressoide_11.6.0_8187/ide/plugins/com.nxp.mcuxpresso.tools.win32_11.6.0.202112161359/tools/bin/../lib/gcc/arm-none-eabi/10.3.1/thumb/v6-m/nofp\libcr_eabihelpers.a(memcpy.o)
                0x00004512                __aeabi_memcpy4
                0x00004512                __aeabi_memcpy8
                0x00004512                __aeabi_memcpy
 .text.__aeabi_memset_lowlevel
                0x0000453e       0x2a c:/nxp/mcuxpressoide_11.6.0_8187/ide/plugins/com.nxp.mcuxpresso.tools.win32_11.6.0.202112161359/tools/bin/../lib/gcc/arm-none-eabi/10.3.1/thumb/v6-m/nofp\libcr_eabihelpers.a(memcpy.o)
                0x0000453e                __aeabi_lowlevel_memset
 .text.__gnu_thumb1_case_shi
                0x00004568       0x10 c:/nxp/mcuxpressoide_11.6.0_8187/ide/plugins/com.nxp.mcuxpresso.tools.win32_11.6.0.202112161359/tools/bin/../lib/gcc/arm-none-eabi/10.3.1/thumb/v6-m/nofp\libcr_eabihelpers.a(thumb1_switch_helpers.o)
                0x00004568                __gnu_thumb1_case_shi
 .text.__sys_close
                0x00004578        0xc c:/nxp/mcuxpressoide_11.6.0_8187/ide/plugins/com.nxp.mcuxpresso.tools.win32_11.6.0.202112161359/tools/bin/../lib/gcc/arm-none-eabi/10.3.1/../../../../arm-none-eabi/lib/thumb/v6-m/nofp\libcr_semihost_nf.a(__sys_close.o)
                0x00004578                __sys_close
 .text.__sys_flen
                0x00004584        0xc c:/nxp/mcuxpressoide_11.6.0_8187/ide/plugins/com.nxp.mcuxpresso.tools.win32_11.6.0.202112161359/tools/bin/../lib/gcc/arm-none-eabi/10.3.1/../../../../arm-none-eabi/lib/thumb/v6-m/nofp\libcr_semihost_nf.a(__sys_flen.o)
                0x00004584                __sys_flen
 .text.__sys_istty
                0x00004590        0xc c:/nxp/mcuxpressoide_11.6.0_8187/ide/plugins/com.nxp.mcuxpresso.tools.win32_11.6.0.202112161359/tools/bin/../lib/gcc/arm-none-eabi/10.3.1/../../../../arm-none-eabi/lib/thumb/v6-m/nofp\libcr_semihost_nf.a(__sys_istty.o)
                0x00004590                __sys_istty
 .text.__sys_remove
                0x0000459c        0xc c:/nxp/mcuxpressoide_11.6.0_8187/ide/plugins/com.nxp.mcuxpresso.tools.win32_11.6.0.202112161359/tools/bin/../lib/gcc/arm-none-eabi/10.3.1/../../../../arm-none-eabi/lib/thumb/v6-m/nofp\libcr_semihost_nf.a(__sys_remove.o)
                0x0000459c                __sys_remove
 .text.__sys_seek
                0x000045a8        0xc c:/nxp/mcuxpressoide_11.6.0_8187/ide/plugins/com.nxp.mcuxpresso.tools.win32_11.6.0.202112161359/tools/bin/../lib/gcc/arm-none-eabi/10.3.1/../../../../arm-none-eabi/lib/thumb/v6-m/nofp\libcr_semihost_nf.a(__sys_seek.o)
                0x000045a8                __sys_seek
 .text.__sys_tmpnam
                0x000045b4        0xc c:/nxp/mcuxpressoide_11.6.0_8187/ide/plugins/com.nxp.mcuxpresso.tools.win32_11.6.0.202112161359/tools/bin/../lib/gcc/arm-none-eabi/10.3.1/../../../../arm-none-eabi/lib/thumb/v6-m/nofp\libcr_semihost_nf.a(__sys_tmpnam.o)
                0x000045b4                __sys_tmpnam
 *(SORT_BY_ALIGNMENT(.rodata) SORT_BY_ALIGNMENT(.rodata.*) SORT_BY_ALIGNMENT(.constdata) SORT_BY_ALIGNMENT(.constdata.*))
 .rodata.time_pbkdf2_hmac_isha.str1.4
                0x000045c0      0x3d2 ./source/main.o
 *fill*         0x00004992        0x2 ff
 .rodata.run_tests.str1.4
                0x00004994       0x22 ./source/main.o
 *fill*         0x000049b6        0x2 ff
 .rodata.main.str1.4
                0x000049b8       0x49 ./source/main.o
 *fill*         0x00004a01        0x3 ff
 .rodata.__FUNCTION__.0
                0x00004a04       0x16 ./source/main.o
 *fill*         0x00004a1a        0x2 ff
 .rodata.str1.4
                0x00004a1c      0x7c1 ./source/pbkdf2_test.o
                                0x7d5 (size before relaxing)
 *fill*         0x000051dd        0x3 ff
 .rodata.test_isha.str1.4
                0x000051e0       0x2e ./source/pbkdf2_test.o
 *fill*         0x0000520e        0x2 ff
 .rodata        0x00005210      0x120 ./source/pbkdf2_test.o
 .rodata.__FUNCTION__.2
                0x00005330        0xa ./source/pbkdf2_test.o
 *fill*         0x0000533a        0x2 ff
 .rodata.__FUNCTION__.1
                0x0000533c        0xf ./source/pbkdf2_test.o
 *fill*         0x0000534b        0x1 ff
 .rodata.__FUNCTION__.0
                0x0000534c       0x16 ./source/pbkdf2_test.o
 *fill*         0x00005362        0x2 ff
 .rodata.fllFactorTable.1
                0x00005364       0x10 ./drivers/fsl_clock.o
 .rodata.s_uartBases
                0x00005374        0xc ./drivers/fsl_uart.o
 .rodata.s_uartClock
                0x00005380        0xc ./drivers/fsl_uart.o
 .rodata.mcgConfig_BOARD_BootClockRUN
                0x0000538c        0xa ./board/clock_config.o
                0x0000538c                mcgConfig_BOARD_BootClockRUN
 *fill*         0x00005396        0x2 ff
 .rodata.simConfig_BOARD_BootClockRUN
                0x00005398        0x8 ./board/clock_config.o
                0x00005398                simConfig_BOARD_BootClockRUN
 .rodata.oscConfig_BOARD_BootClockRUN
                0x000053a0        0x8 ./board/clock_config.o
                0x000053a0                oscConfig_BOARD_BootClockRUN
 .rodata.__num_Ciob_streams
                0x000053a8        0x4 c:/nxp/mcuxpressoide_11.6.0_8187/ide/plugins/com.nxp.mcuxpresso.tools.win32_11.6.0.202112161359/tools/bin/../lib/gcc/arm-none-eabi/10.3.1/../../../../arm-none-eabi/lib/thumb/v6-m/nofp\libcr_semihost_nf.a(__ciob.o)
                0x000053a8                __num_Ciob_streams
 .rodata._initio.str1.1
                0x000053ac        0x4 c:/nxp/mcuxpressoide_11.6.0_8187/ide/plugins/com.nxp.mcuxpresso.tools.win32_11.6.0.202112161359/tools/bin/../lib/gcc/arm-none-eabi/10.3.1/../../../../arm-none-eabi/lib/thumb/v6-m/nofp\libcr_c.a(initio.o)
 .rodata.__vfprintf.str1.1
                0x000053b0       0x37 c:/nxp/mcuxpressoide_11.6.0_8187/ide/plugins/com.nxp.mcuxpresso.tools.win32_11.6.0.202112161359/tools/bin/../lib/gcc/arm-none-eabi/10.3.1/../../../../arm-none-eabi/lib/thumb/v6-m/nofp\libcr_c.a(printf.o)
                                 0x38 (size before relaxing)
 .rodata._Csys_alloc.str1.1
                0x000053e7       0x18 c:/nxp/mcuxpressoide_11.6.0_8187/ide/plugins/com.nxp.mcuxpresso.tools.win32_11.6.0.202112161359/tools/bin/../lib/gcc/arm-none-eabi/10.3.1/../../../../arm-none-eabi/lib/thumb/v6-m/nofp\libcr_c.a(alloc.o)
                0x00005400                . = ALIGN (0x4)
 *fill*         0x000053ff        0x1 ff
                0x00005400                _etext = .

.glue_7         0x00005400        0x0
 .glue_7        0x00005400        0x0 linker stubs

.glue_7t        0x00005400        0x0
 .glue_7t       0x00005400        0x0 linker stubs

.vfp11_veneer   0x00005400        0x0
 .vfp11_veneer  0x00005400        0x0 linker stubs

.v4_bx          0x00005400        0x0
 .v4_bx         0x00005400        0x0 linker stubs

.iplt           0x00005400        0x0
 .iplt          0x00005400        0x0 ./utilities/fsl_debug_console.o

.rel.dyn        0x00005400        0x0
 .rel.iplt      0x00005400        0x0 ./utilities/fsl_debug_console.o

.m_usb_data
 *(SORT_BY_ALIGNMENT(m_usb_bdt))

.mtb_buffer_default
                0x1ffff000       0x80
 *(SORT_BY_ALIGNMENT(.mtb*))
 .mtb.$RAM1     0x1ffff000       0x80 ./source/mtb.o
                0x1ffff000                __mtb_buffer__

.uninit_RESERVED
                0x1ffff080        0x0
                0x1ffff080                _start_uninit_RESERVED = .
 *(SORT_BY_ALIGNMENT(.bss.$RESERVED*))
                0x1ffff080                . = ALIGN (0x4)
                0x1ffff080                _end_uninit_RESERVED = .

.data           0x1ffff080        0x8 load address 0x00005400
 FILL mask 0xff
                0x1ffff080                _data = .
                [!provide]                PROVIDE (__start_data_RAM = .)
                [!provide]                PROVIDE (__start_data_SRAM = .)
 *(SORT_BY_ALIGNMENT(vtable))
 *(SORT_BY_ALIGNMENT(.ramfunc*))
 *(SORT_BY_ALIGNMENT(CodeQuickAccess))
 *(SORT_BY_ALIGNMENT(DataQuickAccess))
 *(SORT_BY_ALIGNMENT(RamFunction))
 *(SORT_BY_ALIGNMENT(.data*))
 .data.s_slowIrcFreq
                0x1ffff080        0x4 ./drivers/fsl_clock.o
 .data.SystemCoreClock
                0x1ffff084        0x4 ./CMSIS/system_MKL25Z4.o
                0x1ffff084                SystemCoreClock
                0x1ffff088                . = ALIGN (0x4)
                0x1ffff088                _edata = .
                [!provide]                PROVIDE (__end_data_RAM = .)
                [!provide]                PROVIDE (__end_data_SRAM = .)

.igot.plt       0x1ffff088        0x0 load address 0x00005408
 .igot.plt      0x1ffff088        0x0 ./utilities/fsl_debug_console.o

.bss            0x1ffff088      0x1b4
                0x1ffff088                _bss = .
                [!provide]                PROVIDE (__start_bss_RAM = .)
                [!provide]                PROVIDE (__start_bss_SRAM = .)
 *(SORT_BY_ALIGNMENT(.bss*))
 .bss.s_debugConsole
                0x1ffff088       0x10 ./utilities/fsl_debug_console.o
 .bss.count_IR  0x1ffff098        0x4 ./source/isha.o
                0x1ffff098                count_IR
 .bss.total_IR  0x1ffff09c        0x4 ./source/isha.o
                0x1ffff09c                total_IR
 .bss.count_I   0x1ffff0a0        0x4 ./source/isha.o
                0x1ffff0a0                count_I
 .bss.total_I   0x1ffff0a4        0x4 ./source/isha.o
                0x1ffff0a4                total_I
 .bss.count_IPM
                0x1ffff0a8        0x4 ./source/isha.o
                0x1ffff0a8                count_IPM
 .bss.total_IPM
                0x1ffff0ac        0x4 ./source/isha.o
                0x1ffff0ac                total_IPM
 .bss.count_IPMB
                0x1ffff0b0        0x4 ./source/isha.o
                0x1ffff0b0                count_IPMB
 .bss.total_IPMB
                0x1ffff0b4        0x4 ./source/isha.o
                0x1ffff0b4                total_IPMB
 .bss.count_F   0x1ffff0b8        0x4 ./source/pbkdf2.o
                0x1ffff0b8                count_F
 .bss.total_F   0x1ffff0bc        0x4 ./source/pbkdf2.o
                0x1ffff0bc                total_F
 .bss.count_Pb  0x1ffff0c0        0x4 ./source/pbkdf2.o
                0x1ffff0c0                count_Pb
 .bss.total_Pb  0x1ffff0c4        0x4 ./source/pbkdf2.o
                0x1ffff0c4                total_Pb
 .bss.count_H   0x1ffff0c8        0x4 ./source/pbkdf2.o
                0x1ffff0c8                count_H
 .bss.total_H   0x1ffff0cc        0x4 ./source/pbkdf2.o
                0x1ffff0cc                total_H
 .bss.g_now     0x1ffff0d0        0x4 ./source/ticktime.o
 .bss.g_timer   0x1ffff0d4        0x4 ./source/ticktime.o
 .bss.g_xtal0Freq
                0x1ffff0d8        0x4 ./drivers/fsl_clock.o
                0x1ffff0d8                g_xtal0Freq
 .bss.s_lpsciHandle
                0x1ffff0dc        0x4 ./drivers/fsl_lpsci.o
 .bss.s_lpsciIsr
                0x1ffff0e0        0x4 ./drivers/fsl_lpsci.o
 .bss.s_uartHandle
                0x1ffff0e4        0xc ./drivers/fsl_uart.o
 .bss.s_uartIsr
                0x1ffff0f0        0x4 ./drivers/fsl_uart.o
 .bss._exitvector
                0x1ffff0f4       0x84 c:/nxp/mcuxpressoide_11.6.0_8187/ide/plugins/com.nxp.mcuxpresso.tools.win32_11.6.0.202112161359/tools/bin/../lib/gcc/arm-none-eabi/10.3.1/../../../../arm-none-eabi/lib/thumb/v6-m/nofp\libcr_c.a(stdlib.o)
                0x1ffff0f4                _exitvector
 .bss._number_of_exit_functions
                0x1ffff178        0x4 c:/nxp/mcuxpressoide_11.6.0_8187/ide/plugins/com.nxp.mcuxpresso.tools.win32_11.6.0.202112161359/tools/bin/../lib/gcc/arm-none-eabi/10.3.1/../../../../arm-none-eabi/lib/thumb/v6-m/nofp\libcr_c.a(stdlib.o)
                0x1ffff178                _number_of_exit_functions
 .bss.__end_of_heap
                0x1ffff17c        0x4 c:/nxp/mcuxpressoide_11.6.0_8187/ide/plugins/com.nxp.mcuxpresso.tools.win32_11.6.0.202112161359/tools/bin/../lib/gcc/arm-none-eabi/10.3.1/../../../../arm-none-eabi/lib/thumb/v6-m/nofp\libcr_c.a(__init_alloc.o)
                0x1ffff17c                __end_of_heap
 .bss.__heaps   0x1ffff180        0x4 c:/nxp/mcuxpressoide_11.6.0_8187/ide/plugins/com.nxp.mcuxpresso.tools.win32_11.6.0.202112161359/tools/bin/../lib/gcc/arm-none-eabi/10.3.1/../../../../arm-none-eabi/lib/thumb/v6-m/nofp\libcr_c.a(__init_alloc.o)
                0x1ffff180                __heaps
 .bss.errno     0x1ffff184        0x4 c:/nxp/mcuxpressoide_11.6.0_8187/ide/plugins/com.nxp.mcuxpresso.tools.win32_11.6.0.202112161359/tools/bin/../lib/gcc/arm-none-eabi/10.3.1/../../../../arm-none-eabi/lib/thumb/v6-m/nofp\libcr_c.a(errno.o)
                0x1ffff184                errno
 .bss.__Ciob    0x1ffff188       0xb4 c:/nxp/mcuxpressoide_11.6.0_8187/ide/plugins/com.nxp.mcuxpresso.tools.win32_11.6.0.202112161359/tools/bin/../lib/gcc/arm-none-eabi/10.3.1/../../../../arm-none-eabi/lib/thumb/v6-m/nofp\libcr_semihost_nf.a(__ciob.o)
                0x1ffff188                __Ciob
 *(SORT_BY_ALIGNMENT(COMMON))
                0x1ffff23c                . = ALIGN (0x4)
                0x1ffff23c                _ebss = .
                [!provide]                PROVIDE (__end_bss_RAM = .)
                [!provide]                PROVIDE (__end_bss_SRAM = .)
                [!provide]                PROVIDE (end = .)

.noinit         0x1ffff23c        0x0
                0x1ffff23c                _noinit = .
                [!provide]                PROVIDE (__start_noinit_RAM = .)
                [!provide]                PROVIDE (__start_noinit_SRAM = .)
 *(SORT_BY_ALIGNMENT(.noinit*))
                0x1ffff23c                . = ALIGN (0x4)
                0x1ffff23c                _end_noinit = .
                [!provide]                PROVIDE (__end_noinit_RAM = .)
                [!provide]                PROVIDE (__end_noinit_SRAM = .)

.ARM.extab
 *(SORT_BY_ALIGNMENT(.ARM.extab*) SORT_BY_ALIGNMENT(.gnu.linkonce.armextab.*))

.ARM.exidx      0x00005408        0x0
                0x00005408                __exidx_start = .
 *(SORT_BY_ALIGNMENT(.ARM.exidx*) SORT_BY_ALIGNMENT(.gnu.linkonce.armexidx.*))
                0x00005408                __exidx_end = .
                0x00000400                _HeapSize = 0x400

.heap           0x1ffff23c      0x400
                0x1ffff23c                _pvHeapStart = .
                0x1ffff63c                . = (. + _HeapSize)
 *fill*         0x1ffff23c      0x400 
                0x1ffff63c                . = ALIGN (0x4)
                0x1ffff63c                _pvHeapLimit = .
                0x00000400                _StackSize = 0x400

.heap2stackfill
                0x1ffff63c      0x400
                0x1ffffa3c                . = (. + _StackSize)
 *fill*         0x1ffff63c      0x400 

.stack          0x20002c00        0x0
                0x20002c00                _vStackBase = .
                0x20002c00                . = ALIGN (0x4)
                0x20003000                _vStackTop = (. + _StackSize)
                0x00000000                _image_start = LOADADDR (.text)
                0x00005408                _image_end = (LOADADDR (.data) + SIZEOF (.data))
                0x00005408                _image_size = (_image_end - _image_start)
OUTPUT(PBKDF2.axf elf32-littlearm)
LOAD linker stubs

.debug_info     0x00000000     0x7d9a
 .debug_info    0x00000000      0x8ce ./utilities/fsl_debug_console.o
 .debug_info    0x000008ce      0x501 ./startup/startup_mkl25z4.o
 .debug_info    0x00000dcf      0x3b9 ./source/isha.o
 .debug_info    0x00001188      0x284 ./source/main.o
 .debug_info    0x0000140c       0x4f ./source/mtb.o
 .debug_info    0x0000145b      0x4b1 ./source/pbkdf2.o
 .debug_info    0x0000190c      0x5ea ./source/pbkdf2_test.o
 .debug_info    0x00001ef6       0x38 ./source/semihost_hardfault.o
 .debug_info    0x00001f2e      0x49c ./source/ticktime.o
 .debug_info    0x000023ca     0x1a56 ./drivers/fsl_clock.o
 .debug_info    0x00003e20     0x1409 ./drivers/fsl_lpsci.o
 .debug_info    0x00005229     0x13aa ./drivers/fsl_uart.o
 .debug_info    0x000065d3      0x397 ./board/board.o
 .debug_info    0x0000696a      0xab8 ./board/clock_config.o
 .debug_info    0x00007422       0x38 ./board/peripherals.o
 .debug_info    0x0000745a      0x543 ./board/pin_mux.o
 .debug_info    0x0000799d      0x3fd ./CMSIS/system_MKL25Z4.o

.debug_abbrev   0x00000000     0x19d6
 .debug_abbrev  0x00000000      0x1e5 ./utilities/fsl_debug_console.o
 .debug_abbrev  0x000001e5      0x186 ./startup/startup_mkl25z4.o
 .debug_abbrev  0x0000036b      0x145 ./source/isha.o
 .debug_abbrev  0x000004b0       0xc9 ./source/main.o
 .debug_abbrev  0x00000579       0x43 ./source/mtb.o
 .debug_abbrev  0x000005bc      0x150 ./source/pbkdf2.o
 .debug_abbrev  0x0000070c      0x16c ./source/pbkdf2_test.o
 .debug_abbrev  0x00000878       0x2e ./source/semihost_hardfault.o
 .debug_abbrev  0x000008a6      0x1b1 ./source/ticktime.o
 .debug_abbrev  0x00000a57      0x354 ./drivers/fsl_clock.o
 .debug_abbrev  0x00000dab      0x328 ./drivers/fsl_lpsci.o
 .debug_abbrev  0x000010d3      0x30e ./drivers/fsl_uart.o
 .debug_abbrev  0x000013e1      0x118 ./board/board.o
 .debug_abbrev  0x000014f9      0x1fe ./board/clock_config.o
 .debug_abbrev  0x000016f7       0x2e ./board/peripherals.o
 .debug_abbrev  0x00001725      0x186 ./board/pin_mux.o
 .debug_abbrev  0x000018ab      0x12b ./CMSIS/system_MKL25Z4.o

.debug_aranges  0x00000000      0x850
 .debug_aranges
                0x00000000       0x58 ./utilities/fsl_debug_console.o
 .debug_aranges
                0x00000058      0x160 ./startup/startup_mkl25z4.o
 .debug_aranges
                0x000001b8       0x40 ./source/isha.o
 .debug_aranges
                0x000001f8       0x30 ./source/main.o
 .debug_aranges
                0x00000228       0x18 ./source/mtb.o
 .debug_aranges
                0x00000240       0x30 ./source/pbkdf2.o
 .debug_aranges
                0x00000270       0x48 ./source/pbkdf2_test.o
 .debug_aranges
                0x000002b8       0x20 ./source/semihost_hardfault.o
 .debug_aranges
                0x000002d8       0x58 ./source/ticktime.o
 .debug_aranges
                0x00000330      0x1d8 ./drivers/fsl_clock.o
 .debug_aranges
                0x00000508      0x118 ./drivers/fsl_lpsci.o
 .debug_aranges
                0x00000620      0x130 ./drivers/fsl_uart.o
 .debug_aranges
                0x00000750       0x28 ./board/board.o
 .debug_aranges
                0x00000778       0x58 ./board/clock_config.o
 .debug_aranges
                0x000007d0       0x20 ./board/peripherals.o
 .debug_aranges
                0x000007f0       0x38 ./board/pin_mux.o
 .debug_aranges
                0x00000828       0x28 ./CMSIS/system_MKL25Z4.o

.debug_ranges   0x00000000      0x738
 .debug_ranges  0x00000000       0x48 ./utilities/fsl_debug_console.o
 .debug_ranges  0x00000048      0x150 ./startup/startup_mkl25z4.o
 .debug_ranges  0x00000198       0x30 ./source/isha.o
 .debug_ranges  0x000001c8       0x20 ./source/main.o
 .debug_ranges  0x000001e8       0x20 ./source/pbkdf2.o
 .debug_ranges  0x00000208       0x38 ./source/pbkdf2_test.o
 .debug_ranges  0x00000240       0x10 ./source/semihost_hardfault.o
 .debug_ranges  0x00000250       0x48 ./source/ticktime.o
 .debug_ranges  0x00000298      0x1c8 ./drivers/fsl_clock.o
 .debug_ranges  0x00000460      0x108 ./drivers/fsl_lpsci.o
 .debug_ranges  0x00000568      0x120 ./drivers/fsl_uart.o
 .debug_ranges  0x00000688       0x18 ./board/board.o
 .debug_ranges  0x000006a0       0x48 ./board/clock_config.o
 .debug_ranges  0x000006e8       0x10 ./board/peripherals.o
 .debug_ranges  0x000006f8       0x28 ./board/pin_mux.o
 .debug_ranges  0x00000720       0x18 ./CMSIS/system_MKL25Z4.o

.debug_line     0x00000000     0x48c0
 .debug_line    0x00000000      0x3d6 ./utilities/fsl_debug_console.o
 .debug_line    0x000003d6      0x249 ./startup/startup_mkl25z4.o
 .debug_line    0x0000061f      0x506 ./source/isha.o
 .debug_line    0x00000b25      0x21b ./source/main.o
 .debug_line    0x00000d40       0x30 ./source/mtb.o
 .debug_line    0x00000d70      0x34e ./source/pbkdf2.o
 .debug_line    0x000010be      0x3b0 ./source/pbkdf2_test.o
 .debug_line    0x0000146e       0x59 ./source/semihost_hardfault.o
 .debug_line    0x000014c7      0x27d ./source/ticktime.o
 .debug_line    0x00001744     0x116d ./drivers/fsl_clock.o
 .debug_line    0x000028b1      0xbad ./drivers/fsl_lpsci.o
 .debug_line    0x0000345e      0xba1 ./drivers/fsl_uart.o
 .debug_line    0x00003fff      0x1ae ./board/board.o
 .debug_line    0x000041ad      0x2b1 ./board/clock_config.o
 .debug_line    0x0000445e       0x4b ./board/peripherals.o
 .debug_line    0x000044a9      0x207 ./board/pin_mux.o
 .debug_line    0x000046b0      0x210 ./CMSIS/system_MKL25Z4.o

.debug_str      0x00000000     0x3bfd
 .debug_str     0x00000000      0xa04 ./utilities/fsl_debug_console.o
                                0xa7c (size before relaxing)
 .debug_str     0x00000a04      0x380 ./startup/startup_mkl25z4.o
                                0x4ab (size before relaxing)
 .debug_str     0x00000d84      0x180 ./source/isha.o
                                0x329 (size before relaxing)
 .debug_str     0x00000f04       0xdd ./source/main.o
                                0x2f4 (size before relaxing)
 .debug_str     0x00000fe1       0x1f ./source/mtb.o
                                0x149 (size before relaxing)
 .debug_str     0x00001000       0xca ./source/pbkdf2.o
                                0x321 (size before relaxing)
 .debug_str     0x000010ca       0xf4 ./source/pbkdf2_test.o
                                0x353 (size before relaxing)
 .debug_str     0x000011be       0x1f ./source/semihost_hardfault.o
                                0x149 (size before relaxing)
 .debug_str     0x000011dd      0x2db ./source/ticktime.o
                                0x4a2 (size before relaxing)
 .debug_str     0x000014b8     0x10a1 ./drivers/fsl_clock.o
                               0x17a4 (size before relaxing)
 .debug_str     0x00002559      0x95f ./drivers/fsl_lpsci.o
                               0x1553 (size before relaxing)
 .debug_str     0x00002eb8      0x819 ./drivers/fsl_uart.o
                               0x155f (size before relaxing)
 .debug_str     0x000036d1       0x4c ./board/board.o
                                0x2e1 (size before relaxing)
 .debug_str     0x0000371d      0x2f8 ./board/clock_config.o
                                0xd8e (size before relaxing)
 .debug_str     0x00003a15       0x31 ./board/peripherals.o
                                0x149 (size before relaxing)
 .debug_str     0x00003a46      0x168 ./board/pin_mux.o
                                0x57b (size before relaxing)
 .debug_str     0x00003bae       0x4f ./CMSIS/system_MKL25Z4.o
                                0x2f5 (size before relaxing)

.comment        0x00000000       0x49
 .comment       0x00000000       0x49 ./utilities/fsl_debug_console.o
                                 0x4a (size before relaxing)
 .comment       0x00000049       0x4a ./startup/startup_mkl25z4.o
 .comment       0x00000049       0x4a ./source/isha.o
 .comment       0x00000049       0x4a ./source/main.o
 .comment       0x00000049       0x4a ./source/mtb.o
 .comment       0x00000049       0x4a ./source/pbkdf2.o
 .comment       0x00000049       0x4a ./source/pbkdf2_test.o
 .comment       0x00000049       0x4a ./source/semihost_hardfault.o
 .comment       0x00000049       0x4a ./source/ticktime.o
 .comment       0x00000049       0x4a ./drivers/fsl_clock.o
 .comment       0x00000049       0x4a ./drivers/fsl_lpsci.o
 .comment       0x00000049       0x4a ./drivers/fsl_uart.o
 .comment       0x00000049       0x4a ./board/board.o
 .comment       0x00000049       0x4a ./board/clock_config.o
 .comment       0x00000049       0x4a ./board/peripherals.o
 .comment       0x00000049       0x4a ./board/pin_mux.o
 .comment       0x00000049       0x4a ./CMSIS/system_MKL25Z4.o
 .comment       0x00000049       0x4a c:/nxp/mcuxpressoide_11.6.0_8187/ide/plugins/com.nxp.mcuxpresso.tools.win32_11.6.0.202112161359/tools/bin/../lib/gcc/arm-none-eabi/10.3.1/../../../../arm-none-eabi/lib/thumb/v6-m/nofp\libcr_semihost_nf.a(_cr__main.o)
 .comment       0x00000049       0x4a c:/nxp/mcuxpressoide_11.6.0_8187/ide/plugins/com.nxp.mcuxpresso.tools.win32_11.6.0.202112161359/tools/bin/../lib/gcc/arm-none-eabi/10.3.1/../../../../arm-none-eabi/lib/thumb/v6-m/nofp\libcr_c.a(memcpy.o)
 .comment       0x00000049       0x4a c:/nxp/mcuxpressoide_11.6.0_8187/ide/plugins/com.nxp.mcuxpresso.tools.win32_11.6.0.202112161359/tools/bin/../lib/gcc/arm-none-eabi/10.3.1/../../../../arm-none-eabi/lib/thumb/v6-m/nofp\libcr_c.a(memset.o)
 .comment       0x00000049       0x4a c:/nxp/mcuxpressoide_11.6.0_8187/ide/plugins/com.nxp.mcuxpresso.tools.win32_11.6.0.202112161359/tools/bin/../lib/gcc/arm-none-eabi/10.3.1/../../../../arm-none-eabi/lib/thumb/v6-m/nofp\libcr_c.a(initio.o)
 .comment       0x00000049       0x4a c:/nxp/mcuxpressoide_11.6.0_8187/ide/plugins/com.nxp.mcuxpresso.tools.win32_11.6.0.202112161359/tools/bin/../lib/gcc/arm-none-eabi/10.3.1/../../../../arm-none-eabi/lib/thumb/v6-m/nofp\libcr_c.a(printf.o)
 .comment       0x00000049       0x4a c:/nxp/mcuxpressoide_11.6.0_8187/ide/plugins/com.nxp.mcuxpresso.tools.win32_11.6.0.202112161359/tools/bin/../lib/gcc/arm-none-eabi/10.3.1/../../../../arm-none-eabi/lib/thumb/v6-m/nofp\libcr_c.a(setvbuf.o)
 .comment       0x00000049       0x4a c:/nxp/mcuxpressoide_11.6.0_8187/ide/plugins/com.nxp.mcuxpresso.tools.win32_11.6.0.202112161359/tools/bin/../lib/gcc/arm-none-eabi/10.3.1/../../../../arm-none-eabi/lib/thumb/v6-m/nofp\libcr_c.a(stdlib.o)
 .comment       0x00000049       0x4a c:/nxp/mcuxpressoide_11.6.0_8187/ide/plugins/com.nxp.mcuxpresso.tools.win32_11.6.0.202112161359/tools/bin/../lib/gcc/arm-none-eabi/10.3.1/../../../../arm-none-eabi/lib/thumb/v6-m/nofp\libcr_c.a(strlen.o)
 .comment       0x00000049       0x4a c:/nxp/mcuxpressoide_11.6.0_8187/ide/plugins/com.nxp.mcuxpresso.tools.win32_11.6.0.202112161359/tools/bin/../lib/gcc/arm-none-eabi/10.3.1/../../../../arm-none-eabi/lib/thumb/v6-m/nofp\libcr_c.a(_deferredlazyseek.o)
 .comment       0x00000049       0x4a c:/nxp/mcuxpressoide_11.6.0_8187/ide/plugins/com.nxp.mcuxpresso.tools.win32_11.6.0.202112161359/tools/bin/../lib/gcc/arm-none-eabi/10.3.1/../../../../arm-none-eabi/lib/thumb/v6-m/nofp\libcr_c.a(_fdopen.o)
 .comment       0x00000049       0x4a c:/nxp/mcuxpressoide_11.6.0_8187/ide/plugins/com.nxp.mcuxpresso.tools.win32_11.6.0.202112161359/tools/bin/../lib/gcc/arm-none-eabi/10.3.1/../../../../arm-none-eabi/lib/thumb/v6-m/nofp\libcr_c.a(_fflush.o)
 .comment       0x00000049       0x4a c:/nxp/mcuxpressoide_11.6.0_8187/ide/plugins/com.nxp.mcuxpresso.tools.win32_11.6.0.202112161359/tools/bin/../lib/gcc/arm-none-eabi/10.3.1/../../../../arm-none-eabi/lib/thumb/v6-m/nofp\libcr_c.a(_writebuf.o)
 .comment       0x00000049       0x4a c:/nxp/mcuxpressoide_11.6.0_8187/ide/plugins/com.nxp.mcuxpresso.tools.win32_11.6.0.202112161359/tools/bin/../lib/gcc/arm-none-eabi/10.3.1/../../../../arm-none-eabi/lib/thumb/v6-m/nofp\libcr_c.a(alloc.o)
 .comment       0x00000049       0x4a c:/nxp/mcuxpressoide_11.6.0_8187/ide/plugins/com.nxp.mcuxpresso.tools.win32_11.6.0.202112161359/tools/bin/../lib/gcc/arm-none-eabi/10.3.1/../../../../arm-none-eabi/lib/thumb/v6-m/nofp\libcr_c.a(fclose.o)
 .comment       0x00000049       0x4a c:/nxp/mcuxpressoide_11.6.0_8187/ide/plugins/com.nxp.mcuxpresso.tools.win32_11.6.0.202112161359/tools/bin/../lib/gcc/arm-none-eabi/10.3.1/../../../../arm-none-eabi/lib/thumb/v6-m/nofp\libcr_c.a(fflush.o)
 .comment       0x00000049       0x4a c:/nxp/mcuxpressoide_11.6.0_8187/ide/plugins/com.nxp.mcuxpresso.tools.win32_11.6.0.202112161359/tools/bin/../lib/gcc/arm-none-eabi/10.3.1/../../../../arm-none-eabi/lib/thumb/v6-m/nofp\libcr_c.a(fseek.o)
 .comment       0x00000049       0x4a c:/nxp/mcuxpressoide_11.6.0_8187/ide/plugins/com.nxp.mcuxpresso.tools.win32_11.6.0.202112161359/tools/bin/../lib/gcc/arm-none-eabi/10.3.1/../../../../arm-none-eabi/lib/thumb/v6-m/nofp\libcr_c.a(ftell.o)
 .comment       0x00000049       0x4a c:/nxp/mcuxpressoide_11.6.0_8187/ide/plugins/com.nxp.mcuxpresso.tools.win32_11.6.0.202112161359/tools/bin/../lib/gcc/arm-none-eabi/10.3.1/../../../../arm-none-eabi/lib/thumb/v6-m/nofp\libcr_c.a(remove.o)
 .comment       0x00000049       0x4a c:/nxp/mcuxpressoide_11.6.0_8187/ide/plugins/com.nxp.mcuxpresso.tools.win32_11.6.0.202112161359/tools/bin/../lib/gcc/arm-none-eabi/10.3.1/../../../../arm-none-eabi/lib/thumb/v6-m/nofp\libcr_c.a(__init_alloc.o)
 .comment       0x00000049       0x4a c:/nxp/mcuxpressoide_11.6.0_8187/ide/plugins/com.nxp.mcuxpresso.tools.win32_11.6.0.202112161359/tools/bin/../lib/gcc/arm-none-eabi/10.3.1/../../../../arm-none-eabi/lib/thumb/v6-m/nofp\libcr_c.a(_cr_sbrk.o)
 .comment       0x00000049       0x4a c:/nxp/mcuxpressoide_11.6.0_8187/ide/plugins/com.nxp.mcuxpresso.tools.win32_11.6.0.202112161359/tools/bin/../lib/gcc/arm-none-eabi/10.3.1/../../../../arm-none-eabi/lib/thumb/v6-m/nofp\libcr_c.a(_do_fflush.o)
 .comment       0x00000049       0x4a c:/nxp/mcuxpressoide_11.6.0_8187/ide/plugins/com.nxp.mcuxpresso.tools.win32_11.6.0.202112161359/tools/bin/../lib/gcc/arm-none-eabi/10.3.1/../../../../arm-none-eabi/lib/thumb/v6-m/nofp\libcr_c.a(errno.o)
 .comment       0x00000049       0x4a c:/nxp/mcuxpressoide_11.6.0_8187/ide/plugins/com.nxp.mcuxpresso.tools.win32_11.6.0.202112161359/tools/bin/../lib/gcc/arm-none-eabi/10.3.1/../../../../arm-none-eabi/lib/thumb/v6-m/nofp\libcr_c.a(_cr_check_heap.o)
 .comment       0x00000049       0x4a c:/nxp/mcuxpressoide_11.6.0_8187/ide/plugins/com.nxp.mcuxpresso.tools.win32_11.6.0.202112161359/tools/bin/../lib/gcc/arm-none-eabi/10.3.1/../../../../arm-none-eabi/lib/thumb/v6-m/nofp\libcr_semihost_nf.a(__ciob.o)

.ARM.attributes
                0x00000000       0x2a
 .ARM.attributes
                0x00000000       0x2c ./utilities/fsl_debug_console.o
 .ARM.attributes
                0x0000002c       0x2c ./startup/startup_mkl25z4.o
 .ARM.attributes
                0x00000058       0x2c ./source/isha.o
 .ARM.attributes
                0x00000084       0x2c ./source/main.o
 .ARM.attributes
                0x000000b0       0x2c ./source/mtb.o
 .ARM.attributes
                0x000000dc       0x2c ./source/pbkdf2.o
 .ARM.attributes
                0x00000108       0x2c ./source/pbkdf2_test.o
 .ARM.attributes
                0x00000134       0x2c ./source/semihost_hardfault.o
 .ARM.attributes
                0x00000160       0x2c ./source/ticktime.o
 .ARM.attributes
                0x0000018c       0x2c ./drivers/fsl_clock.o
 .ARM.attributes
                0x000001b8       0x2c ./drivers/fsl_lpsci.o
 .ARM.attributes
                0x000001e4       0x2c ./drivers/fsl_uart.o
 .ARM.attributes
                0x00000210       0x2c ./board/board.o
 .ARM.attributes
                0x0000023c       0x2c ./board/clock_config.o
 .ARM.attributes
                0x00000268       0x2c ./board/peripherals.o
 .ARM.attributes
                0x00000294       0x2c ./board/pin_mux.o
 .ARM.attributes
                0x000002c0       0x2c ./CMSIS/system_MKL25Z4.o
 .ARM.attributes
                0x000002ec       0x2c c:/nxp/mcuxpressoide_11.6.0_8187/ide/plugins/com.nxp.mcuxpresso.tools.win32_11.6.0.202112161359/tools/bin/../lib/gcc/arm-none-eabi/10.3.1/../../../../arm-none-eabi/lib/thumb/v6-m/nofp\libcr_semihost_nf.a(_cr__main.o)
 .ARM.attributes
                0x00000318       0x2c c:/nxp/mcuxpressoide_11.6.0_8187/ide/plugins/com.nxp.mcuxpresso.tools.win32_11.6.0.202112161359/tools/bin/../lib/gcc/arm-none-eabi/10.3.1/../../../../arm-none-eabi/lib/thumb/v6-m/nofp\libcr_c.a(memcpy.o)
 .ARM.attributes
                0x00000344       0x2c c:/nxp/mcuxpressoide_11.6.0_8187/ide/plugins/com.nxp.mcuxpresso.tools.win32_11.6.0.202112161359/tools/bin/../lib/gcc/arm-none-eabi/10.3.1/../../../../arm-none-eabi/lib/thumb/v6-m/nofp\libcr_c.a(memset.o)
 .ARM.attributes
                0x00000370       0x2c c:/nxp/mcuxpressoide_11.6.0_8187/ide/plugins/com.nxp.mcuxpresso.tools.win32_11.6.0.202112161359/tools/bin/../lib/gcc/arm-none-eabi/10.3.1/../../../../arm-none-eabi/lib/thumb/v6-m/nofp\libcr_c.a(initio.o)
 .ARM.attributes
                0x0000039c       0x2c c:/nxp/mcuxpressoide_11.6.0_8187/ide/plugins/com.nxp.mcuxpresso.tools.win32_11.6.0.202112161359/tools/bin/../lib/gcc/arm-none-eabi/10.3.1/../../../../arm-none-eabi/lib/thumb/v6-m/nofp\libcr_c.a(printf.o)
 .ARM.attributes
                0x000003c8       0x2c c:/nxp/mcuxpressoide_11.6.0_8187/ide/plugins/com.nxp.mcuxpresso.tools.win32_11.6.0.202112161359/tools/bin/../lib/gcc/arm-none-eabi/10.3.1/../../../../arm-none-eabi/lib/thumb/v6-m/nofp\libcr_c.a(setvbuf.o)
 .ARM.attributes
                0x000003f4       0x2c c:/nxp/mcuxpressoide_11.6.0_8187/ide/plugins/com.nxp.mcuxpresso.tools.win32_11.6.0.202112161359/tools/bin/../lib/gcc/arm-none-eabi/10.3.1/../../../../arm-none-eabi/lib/thumb/v6-m/nofp\libcr_c.a(stdlib.o)
 .ARM.attributes
                0x00000420       0x2c c:/nxp/mcuxpressoide_11.6.0_8187/ide/plugins/com.nxp.mcuxpresso.tools.win32_11.6.0.202112161359/tools/bin/../lib/gcc/arm-none-eabi/10.3.1/../../../../arm-none-eabi/lib/thumb/v6-m/nofp\libcr_c.a(strlen.o)
 .ARM.attributes
                0x0000044c       0x2c c:/nxp/mcuxpressoide_11.6.0_8187/ide/plugins/com.nxp.mcuxpresso.tools.win32_11.6.0.202112161359/tools/bin/../lib/gcc/arm-none-eabi/10.3.1/../../../../arm-none-eabi/lib/thumb/v6-m/nofp\libcr_c.a(_deferredlazyseek.o)
 .ARM.attributes
                0x00000478       0x2c c:/nxp/mcuxpressoide_11.6.0_8187/ide/plugins/com.nxp.mcuxpresso.tools.win32_11.6.0.202112161359/tools/bin/../lib/gcc/arm-none-eabi/10.3.1/../../../../arm-none-eabi/lib/thumb/v6-m/nofp\libcr_c.a(_fdopen.o)
 .ARM.attributes
                0x000004a4       0x2c c:/nxp/mcuxpressoide_11.6.0_8187/ide/plugins/com.nxp.mcuxpresso.tools.win32_11.6.0.202112161359/tools/bin/../lib/gcc/arm-none-eabi/10.3.1/../../../../arm-none-eabi/lib/thumb/v6-m/nofp\libcr_c.a(_fflush.o)
 .ARM.attributes
                0x000004d0       0x2c c:/nxp/mcuxpressoide_11.6.0_8187/ide/plugins/com.nxp.mcuxpresso.tools.win32_11.6.0.202112161359/tools/bin/../lib/gcc/arm-none-eabi/10.3.1/../../../../arm-none-eabi/lib/thumb/v6-m/nofp\libcr_c.a(_writebuf.o)
 .ARM.attributes
                0x000004fc       0x2c c:/nxp/mcuxpressoide_11.6.0_8187/ide/plugins/com.nxp.mcuxpresso.tools.win32_11.6.0.202112161359/tools/bin/../lib/gcc/arm-none-eabi/10.3.1/../../../../arm-none-eabi/lib/thumb/v6-m/nofp\libcr_c.a(alloc.o)
 .ARM.attributes
                0x00000528       0x2c c:/nxp/mcuxpressoide_11.6.0_8187/ide/plugins/com.nxp.mcuxpresso.tools.win32_11.6.0.202112161359/tools/bin/../lib/gcc/arm-none-eabi/10.3.1/../../../../arm-none-eabi/lib/thumb/v6-m/nofp\libcr_c.a(fclose.o)
 .ARM.attributes
                0x00000554       0x2c c:/nxp/mcuxpressoide_11.6.0_8187/ide/plugins/com.nxp.mcuxpresso.tools.win32_11.6.0.202112161359/tools/bin/../lib/gcc/arm-none-eabi/10.3.1/../../../../arm-none-eabi/lib/thumb/v6-m/nofp\libcr_c.a(fflush.o)
 .ARM.attributes
                0x00000580       0x2c c:/nxp/mcuxpressoide_11.6.0_8187/ide/plugins/com.nxp.mcuxpresso.tools.win32_11.6.0.202112161359/tools/bin/../lib/gcc/arm-none-eabi/10.3.1/../../../../arm-none-eabi/lib/thumb/v6-m/nofp\libcr_c.a(fseek.o)
 .ARM.attributes
                0x000005ac       0x2c c:/nxp/mcuxpressoide_11.6.0_8187/ide/plugins/com.nxp.mcuxpresso.tools.win32_11.6.0.202112161359/tools/bin/../lib/gcc/arm-none-eabi/10.3.1/../../../../arm-none-eabi/lib/thumb/v6-m/nofp\libcr_c.a(ftell.o)
 .ARM.attributes
                0x000005d8       0x2c c:/nxp/mcuxpressoide_11.6.0_8187/ide/plugins/com.nxp.mcuxpresso.tools.win32_11.6.0.202112161359/tools/bin/../lib/gcc/arm-none-eabi/10.3.1/../../../../arm-none-eabi/lib/thumb/v6-m/nofp\libcr_c.a(remove.o)
 .ARM.attributes
                0x00000604       0x2c c:/nxp/mcuxpressoide_11.6.0_8187/ide/plugins/com.nxp.mcuxpresso.tools.win32_11.6.0.202112161359/tools/bin/../lib/gcc/arm-none-eabi/10.3.1/../../../../arm-none-eabi/lib/thumb/v6-m/nofp\libcr_c.a(__init_alloc.o)
 .ARM.attributes
                0x00000630       0x2c c:/nxp/mcuxpressoide_11.6.0_8187/ide/plugins/com.nxp.mcuxpresso.tools.win32_11.6.0.202112161359/tools/bin/../lib/gcc/arm-none-eabi/10.3.1/../../../../arm-none-eabi/lib/thumb/v6-m/nofp\libcr_c.a(_cr_sbrk.o)
 .ARM.attributes
                0x0000065c       0x2c c:/nxp/mcuxpressoide_11.6.0_8187/ide/plugins/com.nxp.mcuxpresso.tools.win32_11.6.0.202112161359/tools/bin/../lib/gcc/arm-none-eabi/10.3.1/../../../../arm-none-eabi/lib/thumb/v6-m/nofp\libcr_c.a(_do_fflush.o)
 .ARM.attributes
                0x00000688       0x2c c:/nxp/mcuxpressoide_11.6.0_8187/ide/plugins/com.nxp.mcuxpresso.tools.win32_11.6.0.202112161359/tools/bin/../lib/gcc/arm-none-eabi/10.3.1/../../../../arm-none-eabi/lib/thumb/v6-m/nofp\libcr_c.a(errno.o)
 .ARM.attributes
                0x000006b4       0x2c c:/nxp/mcuxpressoide_11.6.0_8187/ide/plugins/com.nxp.mcuxpresso.tools.win32_11.6.0.202112161359/tools/bin/../lib/gcc/arm-none-eabi/10.3.1/../../../../arm-none-eabi/lib/thumb/v6-m/nofp\libcr_c.a(_cr_check_heap.o)
 .ARM.attributes
                0x000006e0       0x1c c:/nxp/mcuxpressoide_11.6.0_8187/ide/plugins/com.nxp.mcuxpresso.tools.win32_11.6.0.202112161359/tools/bin/../lib/gcc/arm-none-eabi/10.3.1/thumb/v6-m/nofp\libcr_eabihelpers.a(division_32.o)
 .ARM.attributes
                0x000006fc       0x1c c:/nxp/mcuxpressoide_11.6.0_8187/ide/plugins/com.nxp.mcuxpresso.tools.win32_11.6.0.202112161359/tools/bin/../lib/gcc/arm-none-eabi/10.3.1/thumb/v6-m/nofp\libcr_eabihelpers.a(division_idiv0.o)
 .ARM.attributes
                0x00000718       0x1c c:/nxp/mcuxpressoide_11.6.0_8187/ide/plugins/com.nxp.mcuxpresso.tools.win32_11.6.0.202112161359/tools/bin/../lib/gcc/arm-none-eabi/10.3.1/thumb/v6-m/nofp\libcr_eabihelpers.a(llong.o)
 .ARM.attributes
                0x00000734       0x1c c:/nxp/mcuxpressoide_11.6.0_8187/ide/plugins/com.nxp.mcuxpresso.tools.win32_11.6.0.202112161359/tools/bin/../lib/gcc/arm-none-eabi/10.3.1/thumb/v6-m/nofp\libcr_eabihelpers.a(memcpy.o)
 .ARM.attributes
                0x00000750       0x1c c:/nxp/mcuxpressoide_11.6.0_8187/ide/plugins/com.nxp.mcuxpresso.tools.win32_11.6.0.202112161359/tools/bin/../lib/gcc/arm-none-eabi/10.3.1/thumb/v6-m/nofp\libcr_eabihelpers.a(thumb1_switch_helpers.o)
 .ARM.attributes
                0x0000076c       0x2c c:/nxp/mcuxpressoide_11.6.0_8187/ide/plugins/com.nxp.mcuxpresso.tools.win32_11.6.0.202112161359/tools/bin/../lib/gcc/arm-none-eabi/10.3.1/../../../../arm-none-eabi/lib/thumb/v6-m/nofp\libcr_semihost_nf.a(__ciob.o)
 .ARM.attributes
                0x00000798       0x1c c:/nxp/mcuxpressoide_11.6.0_8187/ide/plugins/com.nxp.mcuxpresso.tools.win32_11.6.0.202112161359/tools/bin/../lib/gcc/arm-none-eabi/10.3.1/../../../../arm-none-eabi/lib/thumb/v6-m/nofp\libcr_semihost_nf.a(__sys_appexit.o)
 .ARM.attributes
                0x000007b4       0x1c c:/nxp/mcuxpressoide_11.6.0_8187/ide/plugins/com.nxp.mcuxpresso.tools.win32_11.6.0.202112161359/tools/bin/../lib/gcc/arm-none-eabi/10.3.1/../../../../arm-none-eabi/lib/thumb/v6-m/nofp\libcr_semihost_nf.a(__sys_close.o)
 .ARM.attributes
                0x000007d0       0x1c c:/nxp/mcuxpressoide_11.6.0_8187/ide/plugins/com.nxp.mcuxpresso.tools.win32_11.6.0.202112161359/tools/bin/../lib/gcc/arm-none-eabi/10.3.1/../../../../arm-none-eabi/lib/thumb/v6-m/nofp\libcr_semihost_nf.a(__sys_flen.o)
 .ARM.attributes
                0x000007ec       0x1c c:/nxp/mcuxpressoide_11.6.0_8187/ide/plugins/com.nxp.mcuxpresso.tools.win32_11.6.0.202112161359/tools/bin/../lib/gcc/arm-none-eabi/10.3.1/../../../../arm-none-eabi/lib/thumb/v6-m/nofp\libcr_semihost_nf.a(__sys_istty.o)
 .ARM.attributes
                0x00000808       0x1c c:/nxp/mcuxpressoide_11.6.0_8187/ide/plugins/com.nxp.mcuxpresso.tools.win32_11.6.0.202112161359/tools/bin/../lib/gcc/arm-none-eabi/10.3.1/../../../../arm-none-eabi/lib/thumb/v6-m/nofp\libcr_semihost_nf.a(__sys_remove.o)
 .ARM.attributes
                0x00000824       0x1c c:/nxp/mcuxpressoide_11.6.0_8187/ide/plugins/com.nxp.mcuxpresso.tools.win32_11.6.0.202112161359/tools/bin/../lib/gcc/arm-none-eabi/10.3.1/../../../../arm-none-eabi/lib/thumb/v6-m/nofp\libcr_semihost_nf.a(__sys_seek.o)
 .ARM.attributes
                0x00000840       0x1c c:/nxp/mcuxpressoide_11.6.0_8187/ide/plugins/com.nxp.mcuxpresso.tools.win32_11.6.0.202112161359/tools/bin/../lib/gcc/arm-none-eabi/10.3.1/../../../../arm-none-eabi/lib/thumb/v6-m/nofp\libcr_semihost_nf.a(__sys_tmpnam.o)

.debug_frame    0x00000000     0x1af0
 .debug_frame   0x00000000      0x10c ./utilities/fsl_debug_console.o
 .debug_frame   0x0000010c      0x498 ./startup/startup_mkl25z4.o
 .debug_frame   0x000005a4       0xb0 ./source/isha.o
 .debug_frame   0x00000654       0x74 ./source/main.o
 .debug_frame   0x000006c8       0x80 ./source/pbkdf2.o
 .debug_frame   0x00000748       0xe4 ./source/pbkdf2_test.o
 .debug_frame   0x0000082c       0x20 ./source/semihost_hardfault.o
 .debug_frame   0x0000084c       0xfc ./source/ticktime.o
 .debug_frame   0x00000948      0x6e0 ./drivers/fsl_clock.o
 .debug_frame   0x00001028      0x414 ./drivers/fsl_lpsci.o
 .debug_frame   0x0000143c      0x464 ./drivers/fsl_uart.o
 .debug_frame   0x000018a0       0x50 ./board/board.o
 .debug_frame   0x000018f0      0x100 ./board/clock_config.o
 .debug_frame   0x000019f0       0x2c ./board/peripherals.o
 .debug_frame   0x00001a1c       0x88 ./board/pin_mux.o
 .debug_frame   0x00001aa4       0x4c ./CMSIS/system_MKL25Z4.o

Cross Reference Table

Symbol                                            File
ADC0_DriverIRQHandler                             ./startup/startup_mkl25z4.o
ADC0_IRQHandler                                   ./startup/startup_mkl25z4.o
BOARD_BootClockRUN                                ./board/clock_config.o
BOARD_BootClockVLPR                               ./board/clock_config.o
BOARD_InitBootClocks                              ./board/clock_config.o
                                                  ./source/main.o
BOARD_InitBootPeripherals                         ./board/peripherals.o
                                                  ./source/main.o
BOARD_InitBootPins                                ./board/pin_mux.o
                                                  ./source/main.o
BOARD_InitDebugConsole                            ./board/board.o
                                                  ./source/main.o
BOARD_InitPins                                    ./board/pin_mux.o
CLOCK_BootToBlpeMode                              ./drivers/fsl_clock.o
CLOCK_BootToBlpiMode                              ./drivers/fsl_clock.o
                                                  ./board/clock_config.o
CLOCK_BootToFeeMode                               ./drivers/fsl_clock.o
CLOCK_BootToFeiMode                               ./drivers/fsl_clock.o
CLOCK_BootToPeeMode                               ./drivers/fsl_clock.o
                                                  ./board/clock_config.o
CLOCK_CalcPllDiv                                  ./drivers/fsl_clock.o
CLOCK_ClearStatusFlags                            ./drivers/fsl_clock.o
CLOCK_DeinitOsc0                                  ./drivers/fsl_clock.o
CLOCK_EnablePll0                                  ./drivers/fsl_clock.o
CLOCK_EnableUsbfs0Clock                           ./drivers/fsl_clock.o
CLOCK_ExternalModeToFbeModeQuick                  ./drivers/fsl_clock.o
CLOCK_FllStableDelay                              ./drivers/fsl_clock.o
CLOCK_GetBusClkFreq                               ./drivers/fsl_clock.o
CLOCK_GetCoreSysClkFreq                           ./drivers/fsl_clock.o
CLOCK_GetEr32kClkFreq                             ./drivers/fsl_clock.o
CLOCK_GetFixedFreqClkFreq                         ./drivers/fsl_clock.o
CLOCK_GetFlashClkFreq                             ./drivers/fsl_clock.o
CLOCK_GetFllFreq                                  ./drivers/fsl_clock.o
CLOCK_GetFreq                                     ./drivers/fsl_clock.o
CLOCK_GetInternalRefClkFreq                       ./drivers/fsl_clock.o
CLOCK_GetMode                                     ./drivers/fsl_clock.o
CLOCK_GetOsc0ErClkFreq                            ./drivers/fsl_clock.o
CLOCK_GetOutClkFreq                               ./drivers/fsl_clock.o
CLOCK_GetPlatClkFreq                              ./drivers/fsl_clock.o
CLOCK_GetPll0Freq                                 ./drivers/fsl_clock.o
CLOCK_GetPllFllSelClkFreq                         ./drivers/fsl_clock.o
                                                  ./board/board.o
CLOCK_GetStatusFlags                              ./drivers/fsl_clock.o
CLOCK_InitOsc0                                    ./drivers/fsl_clock.o
                                                  ./board/clock_config.o
CLOCK_InternalModeToFbiModeQuick                  ./drivers/fsl_clock.o
CLOCK_SetBlpeMode                                 ./drivers/fsl_clock.o
CLOCK_SetBlpiMode                                 ./drivers/fsl_clock.o
CLOCK_SetExternalRefClkConfig                     ./drivers/fsl_clock.o
CLOCK_SetFbeMode                                  ./drivers/fsl_clock.o
CLOCK_SetFbiMode                                  ./drivers/fsl_clock.o
CLOCK_SetFeeMode                                  ./drivers/fsl_clock.o
CLOCK_SetFeiMode                                  ./drivers/fsl_clock.o
CLOCK_SetInternalRefClkConfig                     ./drivers/fsl_clock.o
                                                  ./board/clock_config.o
CLOCK_SetMcgConfig                                ./drivers/fsl_clock.o
CLOCK_SetOsc0MonitorMode                          ./drivers/fsl_clock.o
CLOCK_SetPbeMode                                  ./drivers/fsl_clock.o
CLOCK_SetPeeMode                                  ./drivers/fsl_clock.o
CLOCK_SetPll0MonitorMode                          ./drivers/fsl_clock.o
CLOCK_SetSimConfig                                ./drivers/fsl_clock.o
                                                  ./board/clock_config.o
CLOCK_TrimInternalRefClk                          ./drivers/fsl_clock.o
CMP0_DriverIRQHandler                             ./startup/startup_mkl25z4.o
CMP0_IRQHandler                                   ./startup/startup_mkl25z4.o
DAC0_DriverIRQHandler                             ./startup/startup_mkl25z4.o
DAC0_IRQHandler                                   ./startup/startup_mkl25z4.o
DMA0_DriverIRQHandler                             ./startup/startup_mkl25z4.o
DMA0_IRQHandler                                   ./startup/startup_mkl25z4.o
DMA1_DriverIRQHandler                             ./startup/startup_mkl25z4.o
DMA1_IRQHandler                                   ./startup/startup_mkl25z4.o
DMA2_DriverIRQHandler                             ./startup/startup_mkl25z4.o
DMA2_IRQHandler                                   ./startup/startup_mkl25z4.o
DMA3_DriverIRQHandler                             ./startup/startup_mkl25z4.o
DMA3_IRQHandler                                   ./startup/startup_mkl25z4.o
DbgConsole_Deinit                                 ./utilities/fsl_debug_console.o
DbgConsole_Init                                   ./utilities/fsl_debug_console.o
                                                  ./board/board.o
FLASH_Erase                                       ./drivers/fsl_flash.o
FLASH_EraseAll                                    ./drivers/fsl_flash.o
FLASH_EraseAllExecuteOnlySegments                 ./drivers/fsl_flash.o
FLASH_GetProperty                                 ./drivers/fsl_flash.o
FLASH_GetSecurityState                            ./drivers/fsl_flash.o
FLASH_Init                                        ./drivers/fsl_flash.o
FLASH_IsExecuteOnly                               ./drivers/fsl_flash.o
FLASH_IsProtected                                 ./drivers/fsl_flash.o
FLASH_PflashGetPrefetchSpeculation                ./drivers/fsl_flash.o
FLASH_PflashGetProtection                         ./drivers/fsl_flash.o
FLASH_PflashSetPrefetchSpeculation                ./drivers/fsl_flash.o
                                                  ./drivers/fsl_smc.o
FLASH_PflashSetProtection                         ./drivers/fsl_flash.o
FLASH_PrepareExecuteInRamFunctions                ./drivers/fsl_flash.o
FLASH_Program                                     ./drivers/fsl_flash.o
FLASH_ProgramOnce                                 ./drivers/fsl_flash.o
FLASH_ReadOnce                                    ./drivers/fsl_flash.o
FLASH_ReadResource                                ./drivers/fsl_flash.o
FLASH_SecurityBypass                              ./drivers/fsl_flash.o
FLASH_SetCallback                                 ./drivers/fsl_flash.o
FLASH_SetProperty                                 ./drivers/fsl_flash.o
FLASH_VerifyErase                                 ./drivers/fsl_flash.o
FLASH_VerifyEraseAll                              ./drivers/fsl_flash.o
FLASH_VerifyEraseAllExecuteOnlySegments           ./drivers/fsl_flash.o
FLASH_VerifyProgram                               ./drivers/fsl_flash.o
FTFA_DriverIRQHandler                             ./startup/startup_mkl25z4.o
FTFA_IRQHandler                                   ./startup/startup_mkl25z4.o
Flash_Config                                      ./startup/startup_mkl25z4.o
GPIO_ClearPinsInterruptFlags                      ./drivers/fsl_gpio.o
GPIO_GetPinsInterruptFlags                        ./drivers/fsl_gpio.o
GPIO_PinInit                                      ./drivers/fsl_gpio.o
HardFault_Handler                                 ./source/semihost_hardfault.o
                                                  ./startup/startup_mkl25z4.o
I2C0_DriverIRQHandler                             ./startup/startup_mkl25z4.o
I2C0_IRQHandler                                   ./startup/startup_mkl25z4.o
I2C1_DriverIRQHandler                             ./startup/startup_mkl25z4.o
I2C1_IRQHandler                                   ./startup/startup_mkl25z4.o
ISHAInput                                         ./source/isha.o
                                                  ./source/pbkdf2_test.o
                                                  ./source/pbkdf2.o
ISHAReset                                         ./source/isha.o
                                                  ./source/pbkdf2_test.o
                                                  ./source/pbkdf2.o
ISHAResult                                        ./source/isha.o
                                                  ./source/pbkdf2_test.o
                                                  ./source/pbkdf2.o
InstallIRQHandler                                 ./drivers/fsl_common.o
IntDefaultHandler                                 ./startup/startup_mkl25z4.o
LLWU_DriverIRQHandler                             ./startup/startup_mkl25z4.o
LLWU_IRQHandler                                   ./startup/startup_mkl25z4.o
LPSCI_ClearStatusFlags                            ./drivers/fsl_lpsci.o
LPSCI_Deinit                                      ./drivers/fsl_lpsci.o
                                                  ./utilities/fsl_debug_console.o
LPSCI_DisableInterrupts                           ./drivers/fsl_lpsci.o
LPSCI_EnableInterrupts                            ./drivers/fsl_lpsci.o
LPSCI_GetDefaultConfig                            ./drivers/fsl_lpsci.o
                                                  ./utilities/fsl_debug_console.o
LPSCI_GetEnabledInterrupts                        ./drivers/fsl_lpsci.o
LPSCI_GetInstance                                 ./drivers/fsl_lpsci.o
LPSCI_GetStatusFlags                              ./drivers/fsl_lpsci.o
LPSCI_Init                                        ./drivers/fsl_lpsci.o
                                                  ./utilities/fsl_debug_console.o
LPSCI_ReadBlocking                                ./drivers/fsl_lpsci.o
                                                  ./utilities/fsl_debug_console.o
LPSCI_SetBaudRate                                 ./drivers/fsl_lpsci.o
LPSCI_TransferAbortReceive                        ./drivers/fsl_lpsci.o
LPSCI_TransferAbortSend                           ./drivers/fsl_lpsci.o
LPSCI_TransferCreateHandle                        ./drivers/fsl_lpsci.o
LPSCI_TransferGetReceiveCount                     ./drivers/fsl_lpsci.o
LPSCI_TransferGetSendCount                        ./drivers/fsl_lpsci.o
LPSCI_TransferHandleErrorIRQ                      ./drivers/fsl_lpsci.o
LPSCI_TransferHandleIRQ                           ./drivers/fsl_lpsci.o
LPSCI_TransferReceiveNonBlocking                  ./drivers/fsl_lpsci.o
LPSCI_TransferSendNonBlocking                     ./drivers/fsl_lpsci.o
LPSCI_TransferStartRingBuffer                     ./drivers/fsl_lpsci.o
LPSCI_TransferStopRingBuffer                      ./drivers/fsl_lpsci.o
LPSCI_WriteBlocking                               ./drivers/fsl_lpsci.o
                                                  ./utilities/fsl_debug_console.o
LPTMR0_DriverIRQHandler                           ./startup/startup_mkl25z4.o
LPTMR0_IRQHandler                                 ./startup/startup_mkl25z4.o
LVD_LVW_DriverIRQHandler                          ./startup/startup_mkl25z4.o
LVD_LVW_IRQHandler                                ./startup/startup_mkl25z4.o
MCG_DriverIRQHandler                              ./startup/startup_mkl25z4.o
MCG_IRQHandler                                    ./startup/startup_mkl25z4.o
NMI_Handler                                       ./startup/startup_mkl25z4.o
PIT_DriverIRQHandler                              ./startup/startup_mkl25z4.o
PIT_IRQHandler                                    ./startup/startup_mkl25z4.o
PORTA_DriverIRQHandler                            ./startup/startup_mkl25z4.o
PORTA_IRQHandler                                  ./startup/startup_mkl25z4.o
PORTD_DriverIRQHandler                            ./startup/startup_mkl25z4.o
PORTD_IRQHandler                                  ./startup/startup_mkl25z4.o
PendSV_Handler                                    ./startup/startup_mkl25z4.o
RTC_DriverIRQHandler                              ./startup/startup_mkl25z4.o
RTC_IRQHandler                                    ./startup/startup_mkl25z4.o
RTC_Seconds_DriverIRQHandler                      ./startup/startup_mkl25z4.o
RTC_Seconds_IRQHandler                            ./startup/startup_mkl25z4.o
Reserved20_DriverIRQHandler                       ./startup/startup_mkl25z4.o
Reserved20_IRQHandler                             ./startup/startup_mkl25z4.o
Reserved39_DriverIRQHandler                       ./startup/startup_mkl25z4.o
Reserved39_IRQHandler                             ./startup/startup_mkl25z4.o
Reserved45_DriverIRQHandler                       ./startup/startup_mkl25z4.o
Reserved45_IRQHandler                             ./startup/startup_mkl25z4.o
ResetISR                                          ./startup/startup_mkl25z4.o
SMC_PostExitStopModes                             ./drivers/fsl_smc.o
SMC_PreEnterStopModes                             ./drivers/fsl_smc.o
SMC_SetPowerModeLls                               ./drivers/fsl_smc.o
SMC_SetPowerModeRun                               ./drivers/fsl_smc.o
SMC_SetPowerModeStop                              ./drivers/fsl_smc.o
SMC_SetPowerModeVlls                              ./drivers/fsl_smc.o
SMC_SetPowerModeVlpr                              ./drivers/fsl_smc.o
                                                  ./board/clock_config.o
SMC_SetPowerModeVlps                              ./drivers/fsl_smc.o
SMC_SetPowerModeVlpw                              ./drivers/fsl_smc.o
SMC_SetPowerModeWait                              ./drivers/fsl_smc.o
SPI0_DriverIRQHandler                             ./startup/startup_mkl25z4.o
SPI0_IRQHandler                                   ./startup/startup_mkl25z4.o
SPI1_DriverIRQHandler                             ./startup/startup_mkl25z4.o
SPI1_IRQHandler                                   ./startup/startup_mkl25z4.o
SVC_Handler                                       ./startup/startup_mkl25z4.o
SysTick_Handler                                   ./source/ticktime.o
                                                  ./startup/startup_mkl25z4.o
SystemCoreClock                                   ./CMSIS/system_MKL25Z4.o
                                                  ./board/clock_config.o
SystemCoreClockUpdate                             ./CMSIS/system_MKL25Z4.o
SystemInit                                        ./CMSIS/system_MKL25Z4.o
                                                  ./startup/startup_mkl25z4.o
TPM0_DriverIRQHandler                             ./startup/startup_mkl25z4.o
TPM0_IRQHandler                                   ./startup/startup_mkl25z4.o
TPM1_DriverIRQHandler                             ./startup/startup_mkl25z4.o
TPM1_IRQHandler                                   ./startup/startup_mkl25z4.o
TPM2_DriverIRQHandler                             ./startup/startup_mkl25z4.o
TPM2_IRQHandler                                   ./startup/startup_mkl25z4.o
TSI0_DriverIRQHandler                             ./startup/startup_mkl25z4.o
TSI0_IRQHandler                                   ./startup/startup_mkl25z4.o
UART0_DriverIRQHandler                            ./drivers/fsl_lpsci.o
                                                  ./startup/startup_mkl25z4.o
UART0_IRQHandler                                  ./startup/startup_mkl25z4.o
UART1_DriverIRQHandler                            ./drivers/fsl_uart.o
                                                  ./startup/startup_mkl25z4.o
UART1_IRQHandler                                  ./startup/startup_mkl25z4.o
UART1_RX_TX_DriverIRQHandler                      ./drivers/fsl_uart.o
UART2_DriverIRQHandler                            ./drivers/fsl_uart.o
                                                  ./startup/startup_mkl25z4.o
UART2_IRQHandler                                  ./startup/startup_mkl25z4.o
UART2_RX_TX_DriverIRQHandler                      ./drivers/fsl_uart.o
UART_ClearStatusFlags                             ./drivers/fsl_uart.o
UART_Deinit                                       ./drivers/fsl_uart.o
                                                  ./utilities/fsl_debug_console.o
UART_DisableInterrupts                            ./drivers/fsl_uart.o
UART_EnableInterrupts                             ./drivers/fsl_uart.o
UART_GetDefaultConfig                             ./drivers/fsl_uart.o
                                                  ./utilities/fsl_debug_console.o
UART_GetEnabledInterrupts                         ./drivers/fsl_uart.o
UART_GetInstance                                  ./drivers/fsl_uart.o
UART_GetStatusFlags                               ./drivers/fsl_uart.o
UART_Init                                         ./drivers/fsl_uart.o
                                                  ./utilities/fsl_debug_console.o
UART_ReadBlocking                                 ./drivers/fsl_uart.o
                                                  ./utilities/fsl_debug_console.o
UART_SetBaudRate                                  ./drivers/fsl_uart.o
UART_TransferAbortReceive                         ./drivers/fsl_uart.o
UART_TransferAbortSend                            ./drivers/fsl_uart.o
UART_TransferCreateHandle                         ./drivers/fsl_uart.o
UART_TransferGetReceiveCount                      ./drivers/fsl_uart.o
UART_TransferGetSendCount                         ./drivers/fsl_uart.o
UART_TransferHandleErrorIRQ                       ./drivers/fsl_uart.o
UART_TransferHandleIRQ                            ./drivers/fsl_uart.o
UART_TransferReceiveNonBlocking                   ./drivers/fsl_uart.o
UART_TransferSendNonBlocking                      ./drivers/fsl_uart.o
UART_TransferStartRingBuffer                      ./drivers/fsl_uart.o
UART_TransferStopRingBuffer                       ./drivers/fsl_uart.o
UART_WriteBlocking                                ./drivers/fsl_uart.o
                                                  ./utilities/fsl_debug_console.o
USB0_DriverIRQHandler                             ./startup/startup_mkl25z4.o
USB0_IRQHandler                                   ./startup/startup_mkl25z4.o
_Csys_alloc                                       c:/nxp/mcuxpressoide_11.6.0_8187/ide/plugins/com.nxp.mcuxpresso.tools.win32_11.6.0.202112161359/tools/bin/../lib/gcc/arm-none-eabi/10.3.1/../../../../arm-none-eabi/lib/thumb/v6-m/nofp\libcr_c.a(alloc.o)
                                                  c:/nxp/mcuxpressoide_11.6.0_8187/ide/plugins/com.nxp.mcuxpresso.tools.win32_11.6.0.202112161359/tools/bin/../lib/gcc/arm-none-eabi/10.3.1/../../../../arm-none-eabi/lib/thumb/v6-m/nofp\libcr_c.a(_deferredlazyseek.o)
_Cwritebuf                                        c:/nxp/mcuxpressoide_11.6.0_8187/ide/plugins/com.nxp.mcuxpresso.tools.win32_11.6.0.202112161359/tools/bin/../lib/gcc/arm-none-eabi/10.3.1/../../../../arm-none-eabi/lib/thumb/v6-m/nofp\libcr_c.a(_writebuf.o)
                                                  c:/nxp/mcuxpressoide_11.6.0_8187/ide/plugins/com.nxp.mcuxpresso.tools.win32_11.6.0.202112161359/tools/bin/../lib/gcc/arm-none-eabi/10.3.1/../../../../arm-none-eabi/lib/thumb/v6-m/nofp\libcr_c.a(_fflush.o)
                                                  c:/nxp/mcuxpressoide_11.6.0_8187/ide/plugins/com.nxp.mcuxpresso.tools.win32_11.6.0.202112161359/tools/bin/../lib/gcc/arm-none-eabi/10.3.1/../../../../arm-none-eabi/lib/thumb/v6-m/nofp\libcr_c.a(_deferredlazyseek.o)
__CR_SEMIHOST                                     c:/nxp/mcuxpressoide_11.6.0_8187/ide/plugins/com.nxp.mcuxpresso.tools.win32_11.6.0.202112161359/tools/bin/../lib/gcc/arm-none-eabi/10.3.1/../../../../arm-none-eabi/lib/thumb/v6-m/nofp\libcr_semihost_nf.a(_cr__main.o)
__Ciob                                            c:/nxp/mcuxpressoide_11.6.0_8187/ide/plugins/com.nxp.mcuxpresso.tools.win32_11.6.0.202112161359/tools/bin/../lib/gcc/arm-none-eabi/10.3.1/../../../../arm-none-eabi/lib/thumb/v6-m/nofp\libcr_semihost_nf.a(__ciob.o)
                                                  c:/nxp/mcuxpressoide_11.6.0_8187/ide/plugins/com.nxp.mcuxpresso.tools.win32_11.6.0.202112161359/tools/bin/../lib/gcc/arm-none-eabi/10.3.1/../../../../arm-none-eabi/lib/thumb/v6-m/nofp\libcr_c.a(fflush.o)
                                                  c:/nxp/mcuxpressoide_11.6.0_8187/ide/plugins/com.nxp.mcuxpresso.tools.win32_11.6.0.202112161359/tools/bin/../lib/gcc/arm-none-eabi/10.3.1/../../../../arm-none-eabi/lib/thumb/v6-m/nofp\libcr_c.a(printf.o)
                                                  c:/nxp/mcuxpressoide_11.6.0_8187/ide/plugins/com.nxp.mcuxpresso.tools.win32_11.6.0.202112161359/tools/bin/../lib/gcc/arm-none-eabi/10.3.1/../../../../arm-none-eabi/lib/thumb/v6-m/nofp\libcr_c.a(initio.o)
__RAM_VECTOR_TABLE_SIZE_BYTES                     ./drivers/fsl_common.o
__VECTOR_RAM                                      ./drivers/fsl_common.o
__VECTOR_TABLE                                    ./drivers/fsl_common.o
__Vectors                                         ./startup/startup_mkl25z4.o
__aeabi_idiv                                      c:/nxp/mcuxpressoide_11.6.0_8187/ide/plugins/com.nxp.mcuxpresso.tools.win32_11.6.0.202112161359/tools/bin/../lib/gcc/arm-none-eabi/10.3.1/thumb/v6-m/nofp\libcr_eabihelpers.a(division_32.o)
__aeabi_idiv0                                     c:/nxp/mcuxpressoide_11.6.0_8187/ide/plugins/com.nxp.mcuxpresso.tools.win32_11.6.0.202112161359/tools/bin/../lib/gcc/arm-none-eabi/10.3.1/thumb/v6-m/nofp\libcr_eabihelpers.a(division_idiv0.o)
                                                  c:/nxp/mcuxpressoide_11.6.0_8187/ide/plugins/com.nxp.mcuxpresso.tools.win32_11.6.0.202112161359/tools/bin/../lib/gcc/arm-none-eabi/10.3.1/thumb/v6-m/nofp\libcr_eabihelpers.a(division_32.o)
__aeabi_idivmod                                   c:/nxp/mcuxpressoide_11.6.0_8187/ide/plugins/com.nxp.mcuxpresso.tools.win32_11.6.0.202112161359/tools/bin/../lib/gcc/arm-none-eabi/10.3.1/thumb/v6-m/nofp\libcr_eabihelpers.a(division_32.o)
                                                  c:/nxp/mcuxpressoide_11.6.0_8187/ide/plugins/com.nxp.mcuxpresso.tools.win32_11.6.0.202112161359/tools/bin/../lib/gcc/arm-none-eabi/10.3.1/../../../../arm-none-eabi/lib/thumb/v6-m/nofp\libcr_c.a(stdlib.o)
__aeabi_lasr                                      c:/nxp/mcuxpressoide_11.6.0_8187/ide/plugins/com.nxp.mcuxpresso.tools.win32_11.6.0.202112161359/tools/bin/../lib/gcc/arm-none-eabi/10.3.1/thumb/v6-m/nofp\libcr_eabihelpers.a(llong.o)
__aeabi_lcmp                                      c:/nxp/mcuxpressoide_11.6.0_8187/ide/plugins/com.nxp.mcuxpresso.tools.win32_11.6.0.202112161359/tools/bin/../lib/gcc/arm-none-eabi/10.3.1/thumb/v6-m/nofp\libcr_eabihelpers.a(llong.o)
__aeabi_llsl                                      c:/nxp/mcuxpressoide_11.6.0_8187/ide/plugins/com.nxp.mcuxpresso.tools.win32_11.6.0.202112161359/tools/bin/../lib/gcc/arm-none-eabi/10.3.1/thumb/v6-m/nofp\libcr_eabihelpers.a(llong.o)
__aeabi_llsr                                      c:/nxp/mcuxpressoide_11.6.0_8187/ide/plugins/com.nxp.mcuxpresso.tools.win32_11.6.0.202112161359/tools/bin/../lib/gcc/arm-none-eabi/10.3.1/thumb/v6-m/nofp\libcr_eabihelpers.a(llong.o)
__aeabi_lmul                                      c:/nxp/mcuxpressoide_11.6.0_8187/ide/plugins/com.nxp.mcuxpresso.tools.win32_11.6.0.202112161359/tools/bin/../lib/gcc/arm-none-eabi/10.3.1/thumb/v6-m/nofp\libcr_eabihelpers.a(llong.o)
                                                  c:/nxp/mcuxpressoide_11.6.0_8187/ide/plugins/com.nxp.mcuxpresso.tools.win32_11.6.0.202112161359/tools/bin/../lib/gcc/arm-none-eabi/10.3.1/../../../../arm-none-eabi/lib/thumb/v6-m/nofp\libcr_c.a(printf.o)
__aeabi_lowlevel_memset                           c:/nxp/mcuxpressoide_11.6.0_8187/ide/plugins/com.nxp.mcuxpresso.tools.win32_11.6.0.202112161359/tools/bin/../lib/gcc/arm-none-eabi/10.3.1/thumb/v6-m/nofp\libcr_eabihelpers.a(memcpy.o)
                                                  c:/nxp/mcuxpressoide_11.6.0_8187/ide/plugins/com.nxp.mcuxpresso.tools.win32_11.6.0.202112161359/tools/bin/../lib/gcc/arm-none-eabi/10.3.1/../../../../arm-none-eabi/lib/thumb/v6-m/nofp\libcr_c.a(memset.o)
__aeabi_memclr                                    c:/nxp/mcuxpressoide_11.6.0_8187/ide/plugins/com.nxp.mcuxpresso.tools.win32_11.6.0.202112161359/tools/bin/../lib/gcc/arm-none-eabi/10.3.1/thumb/v6-m/nofp\libcr_eabihelpers.a(memcpy.o)